// Jest Snapshot v1, https://goo.gl/fbAQLP

exports[`Test serialize 1`] = `
{
  "input_variables": [
    "context",
    "foo",
    "bar",
  ],
  "prompt_messages": [
    {
      "_type": "SystemMessagePromptTemplate",
      "prompt": {
        "inputSchema": {
          "_cached": null,
          "_def": {
            "catchall": {
              "_def": {
                "typeName": "ZodNever",
              },
            },
            "typeName": "ZodObject",
            "unknownKeys": "strip",
          },
        },
        "inputVariables": [
          "context",
        ],
        "template": "Here's some context: {context}",
        "templateFormat": "f-string",
        "validateTemplate": true,
      },
    },
    {
      "_type": "HumanMessagePromptTemplate",
      "prompt": {
        "inputSchema": {
          "_cached": null,
          "_def": {
            "catchall": {
              "_def": {
                "typeName": "ZodNever",
              },
            },
            "typeName": "ZodObject",
            "unknownKeys": "strip",
          },
        },
        "inputVariables": [
          "foo",
          "bar",
          "context",
        ],
        "template": "Hello {foo}, I'm {bar}. Thanks for the {context}",
        "templateFormat": "f-string",
        "validateTemplate": true,
      },
    },
    {
      "_type": "AIMessagePromptTemplate",
      "prompt": {
        "inputSchema": {
          "_cached": null,
          "_def": {
            "catchall": {
              "_def": {
                "typeName": "ZodNever",
              },
            },
            "typeName": "ZodObject",
            "unknownKeys": "strip",
          },
        },
        "inputVariables": [
          "foo",
          "bar",
        ],
        "template": "I'm an AI. I'm {foo}. I'm {bar}.",
        "templateFormat": "f-string",
        "validateTemplate": true,
      },
    },
    {
      "_type": "ChatMessagePromptTemplate",
      "prompt": {
        "inputSchema": {
          "_cached": null,
          "_def": {
            "catchall": {
              "_def": {
                "typeName": "ZodNever",
              },
            },
            "typeName": "ZodObject",
            "unknownKeys": "strip",
          },
        },
        "inputVariables": [
          "foo",
          "bar",
        ],
        "template": "I'm a generic message. I'm {foo}. I'm {bar}.",
        "templateFormat": "f-string",
        "validateTemplate": true,
      },
      "role": "test",
    },
  ],
}
`;
