// Jest Snapshot v1, https://goo.gl/fbAQLP

exports[`Test serialize 1`] = `
{
  "input_variables": [
    "context",
    "foo",
    "bar",
  ],
  "prompt_messages": [
    {
      "_type": "SystemMessagePromptTemplate",
      "id": [
        "langchain",
        "prompts",
        "chat",
        "SystemMessagePromptTemplate",
      ],
      "kwargs": {
        "id": [
          "langchain",
          "prompts",
          "prompt",
          "PromptTemplate",
        ],
        "kwargs": {
          "inputVariables": [
            "context",
          ],
          "template": "Here's some context: {context}",
        },
        "lc": 1,
        "type": "constructor",
      },
      "lc": 1,
      "type": "constructor",
    },
    {
      "_type": "HumanMessagePromptTemplate",
      "id": [
        "langchain",
        "prompts",
        "chat",
        "HumanMessagePromptTemplate",
      ],
      "kwargs": {
        "id": [
          "langchain",
          "prompts",
          "prompt",
          "PromptTemplate",
        ],
        "kwargs": {
          "inputVariables": [
            "foo",
            "bar",
            "context",
          ],
          "template": "Hello {foo}, I'm {bar}. Thanks for the {context}",
        },
        "lc": 1,
        "type": "constructor",
      },
      "lc": 1,
      "type": "constructor",
    },
    {
      "_type": "AIMessagePromptTemplate",
      "id": [
        "langchain",
        "prompts",
        "chat",
        "AIMessagePromptTemplate",
      ],
      "kwargs": {
        "id": [
          "langchain",
          "prompts",
          "prompt",
          "PromptTemplate",
        ],
        "kwargs": {
          "inputVariables": [
            "foo",
            "bar",
          ],
          "template": "I'm an AI. I'm {foo}. I'm {bar}.",
        },
        "lc": 1,
        "type": "constructor",
      },
      "lc": 1,
      "type": "constructor",
    },
    {
      "_type": "ChatMessagePromptTemplate",
      "id": [
        "langchain",
        "prompts",
        "chat",
        "ChatMessagePromptTemplate",
      ],
      "kwargs": {
        "id": [
          "langchain",
          "prompts",
          "prompt",
          "PromptTemplate",
        ],
        "kwargs": {
          "inputVariables": [
            "foo",
            "bar",
          ],
          "template": "I'm a generic message. I'm {foo}. I'm {bar}.",
        },
        "lc": 1,
        "type": "constructor",
      },
      "lc": 1,
      "type": "constructor",
    },
  ],
}
`;
