// Vitest Snapshot v1, https://vitest.dev/guide/snapshot.html

exports[`graph (A before: [ 'end' ], A after: [ 'end' ] | B before: [ 'end' ], B after: [ 'tools', 'end' ] | tools: false) > should create correct graph structure 1`] = `
{
  "id": [
    "langgraph",
    "pregel",
    "CompiledStateGraph",
  ],
  "lc": 1,
  "type": "not_implemented",
}
`;

exports[`graph (A before: [ 'end' ], A after: [ 'end' ] | B before: [ 'end' ], B after: [ 'tools', 'end' ] | tools: true) > should create correct graph structure 1`] = `
{
  "id": [
    "langgraph",
    "pregel",
    "CompiledStateGraph",
  ],
  "lc": 1,
  "type": "not_implemented",
}
`;

exports[`graph (A before: [ 'end' ], A after: [ 'end' ] | B before: [ 'end' ], B after: [ 'tools', 'end' ]) > should create correct graph structure 1`] = `
{
  "id": [
    "langgraph",
    "pregel",
    "CompiledStateGraph",
  ],
  "lc": 1,
  "type": "not_implemented",
}
`;

exports[`graph (A before: [ 'end' ], A after: [ 'model' ] | B before: [ 'end' ], B after: [ 'tools', 'model' ] | tools: false) > should create correct graph structure 1`] = `
{
  "id": [
    "langgraph",
    "pregel",
    "CompiledStateGraph",
  ],
  "lc": 1,
  "type": "not_implemented",
}
`;

exports[`graph (A before: [ 'end' ], A after: [ 'model' ] | B before: [ 'end' ], B after: [ 'tools', 'model' ] | tools: true) > should create correct graph structure 1`] = `
{
  "id": [
    "langgraph",
    "pregel",
    "CompiledStateGraph",
  ],
  "lc": 1,
  "type": "not_implemented",
}
`;

exports[`graph (A before: [ 'end' ], A after: [ 'model' ] | B before: [ 'end' ], B after: [ 'tools', 'model' ]) > should create correct graph structure 1`] = `
{
  "id": [
    "langgraph",
    "pregel",
    "CompiledStateGraph",
  ],
  "lc": 1,
  "type": "not_implemented",
}
`;

exports[`graph (A before: [ 'end' ], A after: [ 'model', 'end' ] | B before: [ 'end' ], B after: [ 'tools', 'model', 'end' ] | tools: false) > should create correct graph structure 1`] = `
{
  "id": [
    "langgraph",
    "pregel",
    "CompiledStateGraph",
  ],
  "lc": 1,
  "type": "not_implemented",
}
`;

exports[`graph (A before: [ 'end' ], A after: [ 'model', 'end' ] | B before: [ 'end' ], B after: [ 'tools', 'model', 'end' ] | tools: true) > should create correct graph structure 1`] = `
{
  "id": [
    "langgraph",
    "pregel",
    "CompiledStateGraph",
  ],
  "lc": 1,
  "type": "not_implemented",
}
`;

exports[`graph (A before: [ 'end' ], A after: [ 'model', 'end' ] | B before: [ 'end' ], B after: [ 'tools', 'model', 'end' ]) > should create correct graph structure 1`] = `
{
  "id": [
    "langgraph",
    "pregel",
    "CompiledStateGraph",
  ],
  "lc": 1,
  "type": "not_implemented",
}
`;

exports[`graph (A before: [ 'end' ], A after: [ 'tools' ] | B before: [ 'end' ], B after: [ 'model' ] | tools: false) > should create correct graph structure 1`] = `
{
  "id": [
    "langgraph",
    "pregel",
    "CompiledStateGraph",
  ],
  "lc": 1,
  "type": "not_implemented",
}
`;

exports[`graph (A before: [ 'end' ], A after: [ 'tools' ] | B before: [ 'end' ], B after: [ 'model' ] | tools: true) > should create correct graph structure 1`] = `
{
  "id": [
    "langgraph",
    "pregel",
    "CompiledStateGraph",
  ],
  "lc": 1,
  "type": "not_implemented",
}
`;

exports[`graph (A before: [ 'end' ], A after: [ 'tools' ] | B before: [ 'end' ], B after: [ 'model' ]) > should create correct graph structure 1`] = `
{
  "id": [
    "langgraph",
    "pregel",
    "CompiledStateGraph",
  ],
  "lc": 1,
  "type": "not_implemented",
}
`;

exports[`graph (A before: [ 'end' ], A after: [ 'tools', 'end' ] | B before: [ 'end' ], B after: [ 'model', 'end' ] | tools: false) > should create correct graph structure 1`] = `
{
  "id": [
    "langgraph",
    "pregel",
    "CompiledStateGraph",
  ],
  "lc": 1,
  "type": "not_implemented",
}
`;

exports[`graph (A before: [ 'end' ], A after: [ 'tools', 'end' ] | B before: [ 'end' ], B after: [ 'model', 'end' ] | tools: true) > should create correct graph structure 1`] = `
{
  "id": [
    "langgraph",
    "pregel",
    "CompiledStateGraph",
  ],
  "lc": 1,
  "type": "not_implemented",
}
`;

exports[`graph (A before: [ 'end' ], A after: [ 'tools', 'end' ] | B before: [ 'end' ], B after: [ 'model', 'end' ]) > should create correct graph structure 1`] = `
{
  "id": [
    "langgraph",
    "pregel",
    "CompiledStateGraph",
  ],
  "lc": 1,
  "type": "not_implemented",
}
`;

exports[`graph (A before: [ 'end' ], A after: [ 'tools', 'model' ] | B before: [ 'end' ], B after: [ 'end' ] | tools: false) > should create correct graph structure 1`] = `
{
  "id": [
    "langgraph",
    "pregel",
    "CompiledStateGraph",
  ],
  "lc": 1,
  "type": "not_implemented",
}
`;

exports[`graph (A before: [ 'end' ], A after: [ 'tools', 'model' ] | B before: [ 'end' ], B after: [ 'end' ] | tools: true) > should create correct graph structure 1`] = `
{
  "id": [
    "langgraph",
    "pregel",
    "CompiledStateGraph",
  ],
  "lc": 1,
  "type": "not_implemented",
}
`;

exports[`graph (A before: [ 'end' ], A after: [ 'tools', 'model' ] | B before: [ 'end' ], B after: [ 'end' ]) > should create correct graph structure 1`] = `
{
  "id": [
    "langgraph",
    "pregel",
    "CompiledStateGraph",
  ],
  "lc": 1,
  "type": "not_implemented",
}
`;

exports[`graph (A before: [ 'end' ], A after: [ 'tools', 'model', 'end' ] | B before: [ 'tools', 'end' ], B after: undefined | tools: false) > should create correct graph structure 1`] = `
{
  "id": [
    "langgraph",
    "pregel",
    "CompiledStateGraph",
  ],
  "lc": 1,
  "type": "not_implemented",
}
`;

exports[`graph (A before: [ 'end' ], A after: [ 'tools', 'model', 'end' ] | B before: [ 'tools', 'end' ], B after: undefined | tools: true) > should create correct graph structure 1`] = `
{
  "id": [
    "langgraph",
    "pregel",
    "CompiledStateGraph",
  ],
  "lc": 1,
  "type": "not_implemented",
}
`;

exports[`graph (A before: [ 'end' ], A after: [ 'tools', 'model', 'end' ] | B before: [ 'tools', 'end' ], B after: undefined) > should create correct graph structure 1`] = `
{
  "id": [
    "langgraph",
    "pregel",
    "CompiledStateGraph",
  ],
  "lc": 1,
  "type": "not_implemented",
}
`;

exports[`graph (A before: [ 'end' ], A after: [] | B before: [ 'end' ], B after: [ 'tools' ] | tools: false) > should create correct graph structure 1`] = `
{
  "id": [
    "langgraph",
    "pregel",
    "CompiledStateGraph",
  ],
  "lc": 1,
  "type": "not_implemented",
}
`;

exports[`graph (A before: [ 'end' ], A after: [] | B before: [ 'end' ], B after: [ 'tools' ] | tools: true) > should create correct graph structure 1`] = `
{
  "id": [
    "langgraph",
    "pregel",
    "CompiledStateGraph",
  ],
  "lc": 1,
  "type": "not_implemented",
}
`;

exports[`graph (A before: [ 'end' ], A after: [] | B before: [ 'end' ], B after: [ 'tools' ]) > should create correct graph structure 1`] = `
{
  "id": [
    "langgraph",
    "pregel",
    "CompiledStateGraph",
  ],
  "lc": 1,
  "type": "not_implemented",
}
`;

exports[`graph (A before: [ 'end' ], A after: undefined | B before: [ 'end' ], B after: [] | tools: false) > should create correct graph structure 1`] = `
{
  "id": [
    "langgraph",
    "pregel",
    "CompiledStateGraph",
  ],
  "lc": 1,
  "type": "not_implemented",
}
`;

exports[`graph (A before: [ 'end' ], A after: undefined | B before: [ 'end' ], B after: [] | tools: true) > should create correct graph structure 1`] = `
{
  "id": [
    "langgraph",
    "pregel",
    "CompiledStateGraph",
  ],
  "lc": 1,
  "type": "not_implemented",
}
`;

exports[`graph (A before: [ 'end' ], A after: undefined | B before: [ 'end' ], B after: []) > should create correct graph structure 1`] = `
{
  "id": [
    "langgraph",
    "pregel",
    "CompiledStateGraph",
  ],
  "lc": 1,
  "type": "not_implemented",
}
`;

exports[`graph (A before: [ 'model' ], A after: [ 'end' ] | B before: [ 'model' ], B after: [ 'tools', 'end' ] | tools: false) > should create correct graph structure 1`] = `
{
  "id": [
    "langgraph",
    "pregel",
    "CompiledStateGraph",
  ],
  "lc": 1,
  "type": "not_implemented",
}
`;

exports[`graph (A before: [ 'model' ], A after: [ 'end' ] | B before: [ 'model' ], B after: [ 'tools', 'end' ] | tools: true) > should create correct graph structure 1`] = `
{
  "id": [
    "langgraph",
    "pregel",
    "CompiledStateGraph",
  ],
  "lc": 1,
  "type": "not_implemented",
}
`;

exports[`graph (A before: [ 'model' ], A after: [ 'end' ] | B before: [ 'model' ], B after: [ 'tools', 'end' ]) > should create correct graph structure 1`] = `
{
  "id": [
    "langgraph",
    "pregel",
    "CompiledStateGraph",
  ],
  "lc": 1,
  "type": "not_implemented",
}
`;

exports[`graph (A before: [ 'model' ], A after: [ 'model' ] | B before: [ 'model' ], B after: [ 'tools', 'model' ] | tools: false) > should create correct graph structure 1`] = `
{
  "id": [
    "langgraph",
    "pregel",
    "CompiledStateGraph",
  ],
  "lc": 1,
  "type": "not_implemented",
}
`;

exports[`graph (A before: [ 'model' ], A after: [ 'model' ] | B before: [ 'model' ], B after: [ 'tools', 'model' ] | tools: true) > should create correct graph structure 1`] = `
{
  "id": [
    "langgraph",
    "pregel",
    "CompiledStateGraph",
  ],
  "lc": 1,
  "type": "not_implemented",
}
`;

exports[`graph (A before: [ 'model' ], A after: [ 'model' ] | B before: [ 'model' ], B after: [ 'tools', 'model' ]) > should create correct graph structure 1`] = `
{
  "id": [
    "langgraph",
    "pregel",
    "CompiledStateGraph",
  ],
  "lc": 1,
  "type": "not_implemented",
}
`;

exports[`graph (A before: [ 'model' ], A after: [ 'model', 'end' ] | B before: [ 'model' ], B after: [ 'tools', 'model', 'end' ] | tools: false) > should create correct graph structure 1`] = `
{
  "id": [
    "langgraph",
    "pregel",
    "CompiledStateGraph",
  ],
  "lc": 1,
  "type": "not_implemented",
}
`;

exports[`graph (A before: [ 'model' ], A after: [ 'model', 'end' ] | B before: [ 'model' ], B after: [ 'tools', 'model', 'end' ] | tools: true) > should create correct graph structure 1`] = `
{
  "id": [
    "langgraph",
    "pregel",
    "CompiledStateGraph",
  ],
  "lc": 1,
  "type": "not_implemented",
}
`;

exports[`graph (A before: [ 'model' ], A after: [ 'model', 'end' ] | B before: [ 'model' ], B after: [ 'tools', 'model', 'end' ]) > should create correct graph structure 1`] = `
{
  "id": [
    "langgraph",
    "pregel",
    "CompiledStateGraph",
  ],
  "lc": 1,
  "type": "not_implemented",
}
`;

exports[`graph (A before: [ 'model' ], A after: [ 'tools' ] | B before: [ 'model' ], B after: [ 'model' ] | tools: false) > should create correct graph structure 1`] = `
{
  "id": [
    "langgraph",
    "pregel",
    "CompiledStateGraph",
  ],
  "lc": 1,
  "type": "not_implemented",
}
`;

exports[`graph (A before: [ 'model' ], A after: [ 'tools' ] | B before: [ 'model' ], B after: [ 'model' ] | tools: true) > should create correct graph structure 1`] = `
{
  "id": [
    "langgraph",
    "pregel",
    "CompiledStateGraph",
  ],
  "lc": 1,
  "type": "not_implemented",
}
`;

exports[`graph (A before: [ 'model' ], A after: [ 'tools' ] | B before: [ 'model' ], B after: [ 'model' ]) > should create correct graph structure 1`] = `
{
  "id": [
    "langgraph",
    "pregel",
    "CompiledStateGraph",
  ],
  "lc": 1,
  "type": "not_implemented",
}
`;

exports[`graph (A before: [ 'model' ], A after: [ 'tools', 'end' ] | B before: [ 'model' ], B after: [ 'model', 'end' ] | tools: false) > should create correct graph structure 1`] = `
{
  "id": [
    "langgraph",
    "pregel",
    "CompiledStateGraph",
  ],
  "lc": 1,
  "type": "not_implemented",
}
`;

exports[`graph (A before: [ 'model' ], A after: [ 'tools', 'end' ] | B before: [ 'model' ], B after: [ 'model', 'end' ] | tools: true) > should create correct graph structure 1`] = `
{
  "id": [
    "langgraph",
    "pregel",
    "CompiledStateGraph",
  ],
  "lc": 1,
  "type": "not_implemented",
}
`;

exports[`graph (A before: [ 'model' ], A after: [ 'tools', 'end' ] | B before: [ 'model' ], B after: [ 'model', 'end' ]) > should create correct graph structure 1`] = `
{
  "id": [
    "langgraph",
    "pregel",
    "CompiledStateGraph",
  ],
  "lc": 1,
  "type": "not_implemented",
}
`;

exports[`graph (A before: [ 'model' ], A after: [ 'tools', 'model' ] | B before: [ 'model' ], B after: [ 'end' ] | tools: false) > should create correct graph structure 1`] = `
{
  "id": [
    "langgraph",
    "pregel",
    "CompiledStateGraph",
  ],
  "lc": 1,
  "type": "not_implemented",
}
`;

exports[`graph (A before: [ 'model' ], A after: [ 'tools', 'model' ] | B before: [ 'model' ], B after: [ 'end' ] | tools: true) > should create correct graph structure 1`] = `
{
  "id": [
    "langgraph",
    "pregel",
    "CompiledStateGraph",
  ],
  "lc": 1,
  "type": "not_implemented",
}
`;

exports[`graph (A before: [ 'model' ], A after: [ 'tools', 'model' ] | B before: [ 'model' ], B after: [ 'end' ]) > should create correct graph structure 1`] = `
{
  "id": [
    "langgraph",
    "pregel",
    "CompiledStateGraph",
  ],
  "lc": 1,
  "type": "not_implemented",
}
`;

exports[`graph (A before: [ 'model' ], A after: [ 'tools', 'model', 'end' ] | B before: [ 'tools', 'model' ], B after: undefined | tools: false) > should create correct graph structure 1`] = `
{
  "id": [
    "langgraph",
    "pregel",
    "CompiledStateGraph",
  ],
  "lc": 1,
  "type": "not_implemented",
}
`;

exports[`graph (A before: [ 'model' ], A after: [ 'tools', 'model', 'end' ] | B before: [ 'tools', 'model' ], B after: undefined | tools: true) > should create correct graph structure 1`] = `
{
  "id": [
    "langgraph",
    "pregel",
    "CompiledStateGraph",
  ],
  "lc": 1,
  "type": "not_implemented",
}
`;

exports[`graph (A before: [ 'model' ], A after: [ 'tools', 'model', 'end' ] | B before: [ 'tools', 'model' ], B after: undefined) > should create correct graph structure 1`] = `
{
  "id": [
    "langgraph",
    "pregel",
    "CompiledStateGraph",
  ],
  "lc": 1,
  "type": "not_implemented",
}
`;

exports[`graph (A before: [ 'model' ], A after: [] | B before: [ 'model' ], B after: [ 'tools' ] | tools: false) > should create correct graph structure 1`] = `
{
  "id": [
    "langgraph",
    "pregel",
    "CompiledStateGraph",
  ],
  "lc": 1,
  "type": "not_implemented",
}
`;

exports[`graph (A before: [ 'model' ], A after: [] | B before: [ 'model' ], B after: [ 'tools' ] | tools: true) > should create correct graph structure 1`] = `
{
  "id": [
    "langgraph",
    "pregel",
    "CompiledStateGraph",
  ],
  "lc": 1,
  "type": "not_implemented",
}
`;

exports[`graph (A before: [ 'model' ], A after: [] | B before: [ 'model' ], B after: [ 'tools' ]) > should create correct graph structure 1`] = `
{
  "id": [
    "langgraph",
    "pregel",
    "CompiledStateGraph",
  ],
  "lc": 1,
  "type": "not_implemented",
}
`;

exports[`graph (A before: [ 'model' ], A after: undefined | B before: [ 'model' ], B after: [] | tools: false) > should create correct graph structure 1`] = `
{
  "id": [
    "langgraph",
    "pregel",
    "CompiledStateGraph",
  ],
  "lc": 1,
  "type": "not_implemented",
}
`;

exports[`graph (A before: [ 'model' ], A after: undefined | B before: [ 'model' ], B after: [] | tools: true) > should create correct graph structure 1`] = `
{
  "id": [
    "langgraph",
    "pregel",
    "CompiledStateGraph",
  ],
  "lc": 1,
  "type": "not_implemented",
}
`;

exports[`graph (A before: [ 'model' ], A after: undefined | B before: [ 'model' ], B after: []) > should create correct graph structure 1`] = `
{
  "id": [
    "langgraph",
    "pregel",
    "CompiledStateGraph",
  ],
  "lc": 1,
  "type": "not_implemented",
}
`;

exports[`graph (A before: [ 'model', 'end' ], A after: [ 'end' ] | B before: [ 'model', 'end' ], B after: [ 'tools', 'end' ] | tools: false) > should create correct graph structure 1`] = `
{
  "id": [
    "langgraph",
    "pregel",
    "CompiledStateGraph",
  ],
  "lc": 1,
  "type": "not_implemented",
}
`;

exports[`graph (A before: [ 'model', 'end' ], A after: [ 'end' ] | B before: [ 'model', 'end' ], B after: [ 'tools', 'end' ] | tools: true) > should create correct graph structure 1`] = `
{
  "id": [
    "langgraph",
    "pregel",
    "CompiledStateGraph",
  ],
  "lc": 1,
  "type": "not_implemented",
}
`;

exports[`graph (A before: [ 'model', 'end' ], A after: [ 'end' ] | B before: [ 'model', 'end' ], B after: [ 'tools', 'end' ]) > should create correct graph structure 1`] = `
{
  "id": [
    "langgraph",
    "pregel",
    "CompiledStateGraph",
  ],
  "lc": 1,
  "type": "not_implemented",
}
`;

exports[`graph (A before: [ 'model', 'end' ], A after: [ 'model' ] | B before: [ 'model', 'end' ], B after: [ 'tools', 'model' ] | tools: false) > should create correct graph structure 1`] = `
{
  "id": [
    "langgraph",
    "pregel",
    "CompiledStateGraph",
  ],
  "lc": 1,
  "type": "not_implemented",
}
`;

exports[`graph (A before: [ 'model', 'end' ], A after: [ 'model' ] | B before: [ 'model', 'end' ], B after: [ 'tools', 'model' ] | tools: true) > should create correct graph structure 1`] = `
{
  "id": [
    "langgraph",
    "pregel",
    "CompiledStateGraph",
  ],
  "lc": 1,
  "type": "not_implemented",
}
`;

exports[`graph (A before: [ 'model', 'end' ], A after: [ 'model' ] | B before: [ 'model', 'end' ], B after: [ 'tools', 'model' ]) > should create correct graph structure 1`] = `
{
  "id": [
    "langgraph",
    "pregel",
    "CompiledStateGraph",
  ],
  "lc": 1,
  "type": "not_implemented",
}
`;

exports[`graph (A before: [ 'model', 'end' ], A after: [ 'model', 'end' ] | B before: [ 'model', 'end' ], B after: [ 'tools', 'model', 'end' ] | tools: false) > should create correct graph structure 1`] = `
{
  "id": [
    "langgraph",
    "pregel",
    "CompiledStateGraph",
  ],
  "lc": 1,
  "type": "not_implemented",
}
`;

exports[`graph (A before: [ 'model', 'end' ], A after: [ 'model', 'end' ] | B before: [ 'model', 'end' ], B after: [ 'tools', 'model', 'end' ] | tools: true) > should create correct graph structure 1`] = `
{
  "id": [
    "langgraph",
    "pregel",
    "CompiledStateGraph",
  ],
  "lc": 1,
  "type": "not_implemented",
}
`;

exports[`graph (A before: [ 'model', 'end' ], A after: [ 'model', 'end' ] | B before: [ 'model', 'end' ], B after: [ 'tools', 'model', 'end' ]) > should create correct graph structure 1`] = `
{
  "id": [
    "langgraph",
    "pregel",
    "CompiledStateGraph",
  ],
  "lc": 1,
  "type": "not_implemented",
}
`;

exports[`graph (A before: [ 'model', 'end' ], A after: [ 'tools' ] | B before: [ 'model', 'end' ], B after: [ 'model' ] | tools: false) > should create correct graph structure 1`] = `
{
  "id": [
    "langgraph",
    "pregel",
    "CompiledStateGraph",
  ],
  "lc": 1,
  "type": "not_implemented",
}
`;

exports[`graph (A before: [ 'model', 'end' ], A after: [ 'tools' ] | B before: [ 'model', 'end' ], B after: [ 'model' ] | tools: true) > should create correct graph structure 1`] = `
{
  "id": [
    "langgraph",
    "pregel",
    "CompiledStateGraph",
  ],
  "lc": 1,
  "type": "not_implemented",
}
`;

exports[`graph (A before: [ 'model', 'end' ], A after: [ 'tools' ] | B before: [ 'model', 'end' ], B after: [ 'model' ]) > should create correct graph structure 1`] = `
{
  "id": [
    "langgraph",
    "pregel",
    "CompiledStateGraph",
  ],
  "lc": 1,
  "type": "not_implemented",
}
`;

exports[`graph (A before: [ 'model', 'end' ], A after: [ 'tools', 'end' ] | B before: [ 'model', 'end' ], B after: [ 'model', 'end' ] | tools: false) > should create correct graph structure 1`] = `
{
  "id": [
    "langgraph",
    "pregel",
    "CompiledStateGraph",
  ],
  "lc": 1,
  "type": "not_implemented",
}
`;

exports[`graph (A before: [ 'model', 'end' ], A after: [ 'tools', 'end' ] | B before: [ 'model', 'end' ], B after: [ 'model', 'end' ] | tools: true) > should create correct graph structure 1`] = `
{
  "id": [
    "langgraph",
    "pregel",
    "CompiledStateGraph",
  ],
  "lc": 1,
  "type": "not_implemented",
}
`;

exports[`graph (A before: [ 'model', 'end' ], A after: [ 'tools', 'end' ] | B before: [ 'model', 'end' ], B after: [ 'model', 'end' ]) > should create correct graph structure 1`] = `
{
  "id": [
    "langgraph",
    "pregel",
    "CompiledStateGraph",
  ],
  "lc": 1,
  "type": "not_implemented",
}
`;

exports[`graph (A before: [ 'model', 'end' ], A after: [ 'tools', 'model' ] | B before: [ 'model', 'end' ], B after: [ 'end' ] | tools: false) > should create correct graph structure 1`] = `
{
  "id": [
    "langgraph",
    "pregel",
    "CompiledStateGraph",
  ],
  "lc": 1,
  "type": "not_implemented",
}
`;

exports[`graph (A before: [ 'model', 'end' ], A after: [ 'tools', 'model' ] | B before: [ 'model', 'end' ], B after: [ 'end' ] | tools: true) > should create correct graph structure 1`] = `
{
  "id": [
    "langgraph",
    "pregel",
    "CompiledStateGraph",
  ],
  "lc": 1,
  "type": "not_implemented",
}
`;

exports[`graph (A before: [ 'model', 'end' ], A after: [ 'tools', 'model' ] | B before: [ 'model', 'end' ], B after: [ 'end' ]) > should create correct graph structure 1`] = `
{
  "id": [
    "langgraph",
    "pregel",
    "CompiledStateGraph",
  ],
  "lc": 1,
  "type": "not_implemented",
}
`;

exports[`graph (A before: [ 'model', 'end' ], A after: [ 'tools', 'model', 'end' ] | B before: [ 'tools', 'model', 'end' ], B after: undefined | tools: false) > should create correct graph structure 1`] = `
{
  "id": [
    "langgraph",
    "pregel",
    "CompiledStateGraph",
  ],
  "lc": 1,
  "type": "not_implemented",
}
`;

exports[`graph (A before: [ 'model', 'end' ], A after: [ 'tools', 'model', 'end' ] | B before: [ 'tools', 'model', 'end' ], B after: undefined | tools: true) > should create correct graph structure 1`] = `
{
  "id": [
    "langgraph",
    "pregel",
    "CompiledStateGraph",
  ],
  "lc": 1,
  "type": "not_implemented",
}
`;

exports[`graph (A before: [ 'model', 'end' ], A after: [ 'tools', 'model', 'end' ] | B before: [ 'tools', 'model', 'end' ], B after: undefined) > should create correct graph structure 1`] = `
{
  "id": [
    "langgraph",
    "pregel",
    "CompiledStateGraph",
  ],
  "lc": 1,
  "type": "not_implemented",
}
`;

exports[`graph (A before: [ 'model', 'end' ], A after: [] | B before: [ 'model', 'end' ], B after: [ 'tools' ] | tools: false) > should create correct graph structure 1`] = `
{
  "id": [
    "langgraph",
    "pregel",
    "CompiledStateGraph",
  ],
  "lc": 1,
  "type": "not_implemented",
}
`;

exports[`graph (A before: [ 'model', 'end' ], A after: [] | B before: [ 'model', 'end' ], B after: [ 'tools' ] | tools: true) > should create correct graph structure 1`] = `
{
  "id": [
    "langgraph",
    "pregel",
    "CompiledStateGraph",
  ],
  "lc": 1,
  "type": "not_implemented",
}
`;

exports[`graph (A before: [ 'model', 'end' ], A after: [] | B before: [ 'model', 'end' ], B after: [ 'tools' ]) > should create correct graph structure 1`] = `
{
  "id": [
    "langgraph",
    "pregel",
    "CompiledStateGraph",
  ],
  "lc": 1,
  "type": "not_implemented",
}
`;

exports[`graph (A before: [ 'model', 'end' ], A after: undefined | B before: [ 'model', 'end' ], B after: [] | tools: false) > should create correct graph structure 1`] = `
{
  "id": [
    "langgraph",
    "pregel",
    "CompiledStateGraph",
  ],
  "lc": 1,
  "type": "not_implemented",
}
`;

exports[`graph (A before: [ 'model', 'end' ], A after: undefined | B before: [ 'model', 'end' ], B after: [] | tools: true) > should create correct graph structure 1`] = `
{
  "id": [
    "langgraph",
    "pregel",
    "CompiledStateGraph",
  ],
  "lc": 1,
  "type": "not_implemented",
}
`;

exports[`graph (A before: [ 'model', 'end' ], A after: undefined | B before: [ 'model', 'end' ], B after: []) > should create correct graph structure 1`] = `
{
  "id": [
    "langgraph",
    "pregel",
    "CompiledStateGraph",
  ],
  "lc": 1,
  "type": "not_implemented",
}
`;

exports[`graph (A before: [ 'tools' ], A after: [ 'end' ] | B before: [ 'tools' ], B after: [ 'tools', 'end' ] | tools: false) > should create correct graph structure 1`] = `
{
  "id": [
    "langgraph",
    "pregel",
    "CompiledStateGraph",
  ],
  "lc": 1,
  "type": "not_implemented",
}
`;

exports[`graph (A before: [ 'tools' ], A after: [ 'end' ] | B before: [ 'tools' ], B after: [ 'tools', 'end' ] | tools: true) > should create correct graph structure 1`] = `
{
  "id": [
    "langgraph",
    "pregel",
    "CompiledStateGraph",
  ],
  "lc": 1,
  "type": "not_implemented",
}
`;

exports[`graph (A before: [ 'tools' ], A after: [ 'end' ] | B before: [ 'tools' ], B after: [ 'tools', 'end' ]) > should create correct graph structure 1`] = `
{
  "id": [
    "langgraph",
    "pregel",
    "CompiledStateGraph",
  ],
  "lc": 1,
  "type": "not_implemented",
}
`;

exports[`graph (A before: [ 'tools' ], A after: [ 'model' ] | B before: [ 'tools' ], B after: [ 'tools', 'model' ] | tools: false) > should create correct graph structure 1`] = `
{
  "id": [
    "langgraph",
    "pregel",
    "CompiledStateGraph",
  ],
  "lc": 1,
  "type": "not_implemented",
}
`;

exports[`graph (A before: [ 'tools' ], A after: [ 'model' ] | B before: [ 'tools' ], B after: [ 'tools', 'model' ] | tools: true) > should create correct graph structure 1`] = `
{
  "id": [
    "langgraph",
    "pregel",
    "CompiledStateGraph",
  ],
  "lc": 1,
  "type": "not_implemented",
}
`;

exports[`graph (A before: [ 'tools' ], A after: [ 'model' ] | B before: [ 'tools' ], B after: [ 'tools', 'model' ]) > should create correct graph structure 1`] = `
{
  "id": [
    "langgraph",
    "pregel",
    "CompiledStateGraph",
  ],
  "lc": 1,
  "type": "not_implemented",
}
`;

exports[`graph (A before: [ 'tools' ], A after: [ 'model', 'end' ] | B before: [ 'tools' ], B after: [ 'tools', 'model', 'end' ] | tools: false) > should create correct graph structure 1`] = `
{
  "id": [
    "langgraph",
    "pregel",
    "CompiledStateGraph",
  ],
  "lc": 1,
  "type": "not_implemented",
}
`;

exports[`graph (A before: [ 'tools' ], A after: [ 'model', 'end' ] | B before: [ 'tools' ], B after: [ 'tools', 'model', 'end' ] | tools: true) > should create correct graph structure 1`] = `
{
  "id": [
    "langgraph",
    "pregel",
    "CompiledStateGraph",
  ],
  "lc": 1,
  "type": "not_implemented",
}
`;

exports[`graph (A before: [ 'tools' ], A after: [ 'model', 'end' ] | B before: [ 'tools' ], B after: [ 'tools', 'model', 'end' ]) > should create correct graph structure 1`] = `
{
  "id": [
    "langgraph",
    "pregel",
    "CompiledStateGraph",
  ],
  "lc": 1,
  "type": "not_implemented",
}
`;

exports[`graph (A before: [ 'tools' ], A after: [ 'tools' ] | B before: [ 'tools' ], B after: [ 'model' ] | tools: false) > should create correct graph structure 1`] = `
{
  "id": [
    "langgraph",
    "pregel",
    "CompiledStateGraph",
  ],
  "lc": 1,
  "type": "not_implemented",
}
`;

exports[`graph (A before: [ 'tools' ], A after: [ 'tools' ] | B before: [ 'tools' ], B after: [ 'model' ] | tools: true) > should create correct graph structure 1`] = `
{
  "id": [
    "langgraph",
    "pregel",
    "CompiledStateGraph",
  ],
  "lc": 1,
  "type": "not_implemented",
}
`;

exports[`graph (A before: [ 'tools' ], A after: [ 'tools' ] | B before: [ 'tools' ], B after: [ 'model' ]) > should create correct graph structure 1`] = `
{
  "id": [
    "langgraph",
    "pregel",
    "CompiledStateGraph",
  ],
  "lc": 1,
  "type": "not_implemented",
}
`;

exports[`graph (A before: [ 'tools' ], A after: [ 'tools', 'end' ] | B before: [ 'tools' ], B after: [ 'model', 'end' ] | tools: false) > should create correct graph structure 1`] = `
{
  "id": [
    "langgraph",
    "pregel",
    "CompiledStateGraph",
  ],
  "lc": 1,
  "type": "not_implemented",
}
`;

exports[`graph (A before: [ 'tools' ], A after: [ 'tools', 'end' ] | B before: [ 'tools' ], B after: [ 'model', 'end' ] | tools: true) > should create correct graph structure 1`] = `
{
  "id": [
    "langgraph",
    "pregel",
    "CompiledStateGraph",
  ],
  "lc": 1,
  "type": "not_implemented",
}
`;

exports[`graph (A before: [ 'tools' ], A after: [ 'tools', 'end' ] | B before: [ 'tools' ], B after: [ 'model', 'end' ]) > should create correct graph structure 1`] = `
{
  "id": [
    "langgraph",
    "pregel",
    "CompiledStateGraph",
  ],
  "lc": 1,
  "type": "not_implemented",
}
`;

exports[`graph (A before: [ 'tools' ], A after: [ 'tools', 'model' ] | B before: [ 'tools' ], B after: [ 'end' ] | tools: false) > should create correct graph structure 1`] = `
{
  "id": [
    "langgraph",
    "pregel",
    "CompiledStateGraph",
  ],
  "lc": 1,
  "type": "not_implemented",
}
`;

exports[`graph (A before: [ 'tools' ], A after: [ 'tools', 'model' ] | B before: [ 'tools' ], B after: [ 'end' ] | tools: true) > should create correct graph structure 1`] = `
{
  "id": [
    "langgraph",
    "pregel",
    "CompiledStateGraph",
  ],
  "lc": 1,
  "type": "not_implemented",
}
`;

exports[`graph (A before: [ 'tools' ], A after: [ 'tools', 'model' ] | B before: [ 'tools' ], B after: [ 'end' ]) > should create correct graph structure 1`] = `
{
  "id": [
    "langgraph",
    "pregel",
    "CompiledStateGraph",
  ],
  "lc": 1,
  "type": "not_implemented",
}
`;

exports[`graph (A before: [ 'tools' ], A after: [ 'tools', 'model', 'end' ] | B before: [ 'model' ], B after: undefined | tools: false) > should create correct graph structure 1`] = `
{
  "id": [
    "langgraph",
    "pregel",
    "CompiledStateGraph",
  ],
  "lc": 1,
  "type": "not_implemented",
}
`;

exports[`graph (A before: [ 'tools' ], A after: [ 'tools', 'model', 'end' ] | B before: [ 'model' ], B after: undefined | tools: true) > should create correct graph structure 1`] = `
{
  "id": [
    "langgraph",
    "pregel",
    "CompiledStateGraph",
  ],
  "lc": 1,
  "type": "not_implemented",
}
`;

exports[`graph (A before: [ 'tools' ], A after: [ 'tools', 'model', 'end' ] | B before: [ 'model' ], B after: undefined) > should create correct graph structure 1`] = `
{
  "id": [
    "langgraph",
    "pregel",
    "CompiledStateGraph",
  ],
  "lc": 1,
  "type": "not_implemented",
}
`;

exports[`graph (A before: [ 'tools' ], A after: [] | B before: [ 'tools' ], B after: [ 'tools' ] | tools: false) > should create correct graph structure 1`] = `
{
  "id": [
    "langgraph",
    "pregel",
    "CompiledStateGraph",
  ],
  "lc": 1,
  "type": "not_implemented",
}
`;

exports[`graph (A before: [ 'tools' ], A after: [] | B before: [ 'tools' ], B after: [ 'tools' ] | tools: true) > should create correct graph structure 1`] = `
{
  "id": [
    "langgraph",
    "pregel",
    "CompiledStateGraph",
  ],
  "lc": 1,
  "type": "not_implemented",
}
`;

exports[`graph (A before: [ 'tools' ], A after: [] | B before: [ 'tools' ], B after: [ 'tools' ]) > should create correct graph structure 1`] = `
{
  "id": [
    "langgraph",
    "pregel",
    "CompiledStateGraph",
  ],
  "lc": 1,
  "type": "not_implemented",
}
`;

exports[`graph (A before: [ 'tools' ], A after: undefined | B before: [ 'tools' ], B after: [] | tools: false) > should create correct graph structure 1`] = `
{
  "id": [
    "langgraph",
    "pregel",
    "CompiledStateGraph",
  ],
  "lc": 1,
  "type": "not_implemented",
}
`;

exports[`graph (A before: [ 'tools' ], A after: undefined | B before: [ 'tools' ], B after: [] | tools: true) > should create correct graph structure 1`] = `
{
  "id": [
    "langgraph",
    "pregel",
    "CompiledStateGraph",
  ],
  "lc": 1,
  "type": "not_implemented",
}
`;

exports[`graph (A before: [ 'tools' ], A after: undefined | B before: [ 'tools' ], B after: []) > should create correct graph structure 1`] = `
{
  "id": [
    "langgraph",
    "pregel",
    "CompiledStateGraph",
  ],
  "lc": 1,
  "type": "not_implemented",
}
`;

exports[`graph (A before: [ 'tools', 'end' ], A after: [ 'end' ] | B before: [ 'tools', 'end' ], B after: [ 'tools', 'end' ] | tools: false) > should create correct graph structure 1`] = `
{
  "id": [
    "langgraph",
    "pregel",
    "CompiledStateGraph",
  ],
  "lc": 1,
  "type": "not_implemented",
}
`;

exports[`graph (A before: [ 'tools', 'end' ], A after: [ 'end' ] | B before: [ 'tools', 'end' ], B after: [ 'tools', 'end' ] | tools: true) > should create correct graph structure 1`] = `
{
  "id": [
    "langgraph",
    "pregel",
    "CompiledStateGraph",
  ],
  "lc": 1,
  "type": "not_implemented",
}
`;

exports[`graph (A before: [ 'tools', 'end' ], A after: [ 'end' ] | B before: [ 'tools', 'end' ], B after: [ 'tools', 'end' ]) > should create correct graph structure 1`] = `
{
  "id": [
    "langgraph",
    "pregel",
    "CompiledStateGraph",
  ],
  "lc": 1,
  "type": "not_implemented",
}
`;

exports[`graph (A before: [ 'tools', 'end' ], A after: [ 'model' ] | B before: [ 'tools', 'end' ], B after: [ 'tools', 'model' ] | tools: false) > should create correct graph structure 1`] = `
{
  "id": [
    "langgraph",
    "pregel",
    "CompiledStateGraph",
  ],
  "lc": 1,
  "type": "not_implemented",
}
`;

exports[`graph (A before: [ 'tools', 'end' ], A after: [ 'model' ] | B before: [ 'tools', 'end' ], B after: [ 'tools', 'model' ] | tools: true) > should create correct graph structure 1`] = `
{
  "id": [
    "langgraph",
    "pregel",
    "CompiledStateGraph",
  ],
  "lc": 1,
  "type": "not_implemented",
}
`;

exports[`graph (A before: [ 'tools', 'end' ], A after: [ 'model' ] | B before: [ 'tools', 'end' ], B after: [ 'tools', 'model' ]) > should create correct graph structure 1`] = `
{
  "id": [
    "langgraph",
    "pregel",
    "CompiledStateGraph",
  ],
  "lc": 1,
  "type": "not_implemented",
}
`;

exports[`graph (A before: [ 'tools', 'end' ], A after: [ 'model', 'end' ] | B before: [ 'tools', 'end' ], B after: [ 'tools', 'model', 'end' ] | tools: false) > should create correct graph structure 1`] = `
{
  "id": [
    "langgraph",
    "pregel",
    "CompiledStateGraph",
  ],
  "lc": 1,
  "type": "not_implemented",
}
`;

exports[`graph (A before: [ 'tools', 'end' ], A after: [ 'model', 'end' ] | B before: [ 'tools', 'end' ], B after: [ 'tools', 'model', 'end' ] | tools: true) > should create correct graph structure 1`] = `
{
  "id": [
    "langgraph",
    "pregel",
    "CompiledStateGraph",
  ],
  "lc": 1,
  "type": "not_implemented",
}
`;

exports[`graph (A before: [ 'tools', 'end' ], A after: [ 'model', 'end' ] | B before: [ 'tools', 'end' ], B after: [ 'tools', 'model', 'end' ]) > should create correct graph structure 1`] = `
{
  "id": [
    "langgraph",
    "pregel",
    "CompiledStateGraph",
  ],
  "lc": 1,
  "type": "not_implemented",
}
`;

exports[`graph (A before: [ 'tools', 'end' ], A after: [ 'tools' ] | B before: [ 'tools', 'end' ], B after: [ 'model' ] | tools: false) > should create correct graph structure 1`] = `
{
  "id": [
    "langgraph",
    "pregel",
    "CompiledStateGraph",
  ],
  "lc": 1,
  "type": "not_implemented",
}
`;

exports[`graph (A before: [ 'tools', 'end' ], A after: [ 'tools' ] | B before: [ 'tools', 'end' ], B after: [ 'model' ] | tools: true) > should create correct graph structure 1`] = `
{
  "id": [
    "langgraph",
    "pregel",
    "CompiledStateGraph",
  ],
  "lc": 1,
  "type": "not_implemented",
}
`;

exports[`graph (A before: [ 'tools', 'end' ], A after: [ 'tools' ] | B before: [ 'tools', 'end' ], B after: [ 'model' ]) > should create correct graph structure 1`] = `
{
  "id": [
    "langgraph",
    "pregel",
    "CompiledStateGraph",
  ],
  "lc": 1,
  "type": "not_implemented",
}
`;

exports[`graph (A before: [ 'tools', 'end' ], A after: [ 'tools', 'end' ] | B before: [ 'tools', 'end' ], B after: [ 'model', 'end' ] | tools: false) > should create correct graph structure 1`] = `
{
  "id": [
    "langgraph",
    "pregel",
    "CompiledStateGraph",
  ],
  "lc": 1,
  "type": "not_implemented",
}
`;

exports[`graph (A before: [ 'tools', 'end' ], A after: [ 'tools', 'end' ] | B before: [ 'tools', 'end' ], B after: [ 'model', 'end' ] | tools: true) > should create correct graph structure 1`] = `
{
  "id": [
    "langgraph",
    "pregel",
    "CompiledStateGraph",
  ],
  "lc": 1,
  "type": "not_implemented",
}
`;

exports[`graph (A before: [ 'tools', 'end' ], A after: [ 'tools', 'end' ] | B before: [ 'tools', 'end' ], B after: [ 'model', 'end' ]) > should create correct graph structure 1`] = `
{
  "id": [
    "langgraph",
    "pregel",
    "CompiledStateGraph",
  ],
  "lc": 1,
  "type": "not_implemented",
}
`;

exports[`graph (A before: [ 'tools', 'end' ], A after: [ 'tools', 'model' ] | B before: [ 'tools', 'end' ], B after: [ 'end' ] | tools: false) > should create correct graph structure 1`] = `
{
  "id": [
    "langgraph",
    "pregel",
    "CompiledStateGraph",
  ],
  "lc": 1,
  "type": "not_implemented",
}
`;

exports[`graph (A before: [ 'tools', 'end' ], A after: [ 'tools', 'model' ] | B before: [ 'tools', 'end' ], B after: [ 'end' ] | tools: true) > should create correct graph structure 1`] = `
{
  "id": [
    "langgraph",
    "pregel",
    "CompiledStateGraph",
  ],
  "lc": 1,
  "type": "not_implemented",
}
`;

exports[`graph (A before: [ 'tools', 'end' ], A after: [ 'tools', 'model' ] | B before: [ 'tools', 'end' ], B after: [ 'end' ]) > should create correct graph structure 1`] = `
{
  "id": [
    "langgraph",
    "pregel",
    "CompiledStateGraph",
  ],
  "lc": 1,
  "type": "not_implemented",
}
`;

exports[`graph (A before: [ 'tools', 'end' ], A after: [ 'tools', 'model', 'end' ] | B before: [ 'model', 'end' ], B after: undefined | tools: false) > should create correct graph structure 1`] = `
{
  "id": [
    "langgraph",
    "pregel",
    "CompiledStateGraph",
  ],
  "lc": 1,
  "type": "not_implemented",
}
`;

exports[`graph (A before: [ 'tools', 'end' ], A after: [ 'tools', 'model', 'end' ] | B before: [ 'model', 'end' ], B after: undefined | tools: true) > should create correct graph structure 1`] = `
{
  "id": [
    "langgraph",
    "pregel",
    "CompiledStateGraph",
  ],
  "lc": 1,
  "type": "not_implemented",
}
`;

exports[`graph (A before: [ 'tools', 'end' ], A after: [ 'tools', 'model', 'end' ] | B before: [ 'model', 'end' ], B after: undefined) > should create correct graph structure 1`] = `
{
  "id": [
    "langgraph",
    "pregel",
    "CompiledStateGraph",
  ],
  "lc": 1,
  "type": "not_implemented",
}
`;

exports[`graph (A before: [ 'tools', 'end' ], A after: [] | B before: [ 'tools', 'end' ], B after: [ 'tools' ] | tools: false) > should create correct graph structure 1`] = `
{
  "id": [
    "langgraph",
    "pregel",
    "CompiledStateGraph",
  ],
  "lc": 1,
  "type": "not_implemented",
}
`;

exports[`graph (A before: [ 'tools', 'end' ], A after: [] | B before: [ 'tools', 'end' ], B after: [ 'tools' ] | tools: true) > should create correct graph structure 1`] = `
{
  "id": [
    "langgraph",
    "pregel",
    "CompiledStateGraph",
  ],
  "lc": 1,
  "type": "not_implemented",
}
`;

exports[`graph (A before: [ 'tools', 'end' ], A after: [] | B before: [ 'tools', 'end' ], B after: [ 'tools' ]) > should create correct graph structure 1`] = `
{
  "id": [
    "langgraph",
    "pregel",
    "CompiledStateGraph",
  ],
  "lc": 1,
  "type": "not_implemented",
}
`;

exports[`graph (A before: [ 'tools', 'end' ], A after: undefined | B before: [ 'tools', 'end' ], B after: [] | tools: false) > should create correct graph structure 1`] = `
{
  "id": [
    "langgraph",
    "pregel",
    "CompiledStateGraph",
  ],
  "lc": 1,
  "type": "not_implemented",
}
`;

exports[`graph (A before: [ 'tools', 'end' ], A after: undefined | B before: [ 'tools', 'end' ], B after: [] | tools: true) > should create correct graph structure 1`] = `
{
  "id": [
    "langgraph",
    "pregel",
    "CompiledStateGraph",
  ],
  "lc": 1,
  "type": "not_implemented",
}
`;

exports[`graph (A before: [ 'tools', 'end' ], A after: undefined | B before: [ 'tools', 'end' ], B after: []) > should create correct graph structure 1`] = `
{
  "id": [
    "langgraph",
    "pregel",
    "CompiledStateGraph",
  ],
  "lc": 1,
  "type": "not_implemented",
}
`;

exports[`graph (A before: [ 'tools', 'model' ], A after: [ 'end' ] | B before: [ 'tools', 'model' ], B after: [ 'tools', 'end' ] | tools: false) > should create correct graph structure 1`] = `
{
  "id": [
    "langgraph",
    "pregel",
    "CompiledStateGraph",
  ],
  "lc": 1,
  "type": "not_implemented",
}
`;

exports[`graph (A before: [ 'tools', 'model' ], A after: [ 'end' ] | B before: [ 'tools', 'model' ], B after: [ 'tools', 'end' ] | tools: true) > should create correct graph structure 1`] = `
{
  "id": [
    "langgraph",
    "pregel",
    "CompiledStateGraph",
  ],
  "lc": 1,
  "type": "not_implemented",
}
`;

exports[`graph (A before: [ 'tools', 'model' ], A after: [ 'end' ] | B before: [ 'tools', 'model' ], B after: [ 'tools', 'end' ]) > should create correct graph structure 1`] = `
{
  "id": [
    "langgraph",
    "pregel",
    "CompiledStateGraph",
  ],
  "lc": 1,
  "type": "not_implemented",
}
`;

exports[`graph (A before: [ 'tools', 'model' ], A after: [ 'model' ] | B before: [ 'tools', 'model' ], B after: [ 'tools', 'model' ] | tools: false) > should create correct graph structure 1`] = `
{
  "id": [
    "langgraph",
    "pregel",
    "CompiledStateGraph",
  ],
  "lc": 1,
  "type": "not_implemented",
}
`;

exports[`graph (A before: [ 'tools', 'model' ], A after: [ 'model' ] | B before: [ 'tools', 'model' ], B after: [ 'tools', 'model' ] | tools: true) > should create correct graph structure 1`] = `
{
  "id": [
    "langgraph",
    "pregel",
    "CompiledStateGraph",
  ],
  "lc": 1,
  "type": "not_implemented",
}
`;

exports[`graph (A before: [ 'tools', 'model' ], A after: [ 'model' ] | B before: [ 'tools', 'model' ], B after: [ 'tools', 'model' ]) > should create correct graph structure 1`] = `
{
  "id": [
    "langgraph",
    "pregel",
    "CompiledStateGraph",
  ],
  "lc": 1,
  "type": "not_implemented",
}
`;

exports[`graph (A before: [ 'tools', 'model' ], A after: [ 'model', 'end' ] | B before: [ 'tools', 'model' ], B after: [ 'tools', 'model', 'end' ] | tools: false) > should create correct graph structure 1`] = `
{
  "id": [
    "langgraph",
    "pregel",
    "CompiledStateGraph",
  ],
  "lc": 1,
  "type": "not_implemented",
}
`;

exports[`graph (A before: [ 'tools', 'model' ], A after: [ 'model', 'end' ] | B before: [ 'tools', 'model' ], B after: [ 'tools', 'model', 'end' ] | tools: true) > should create correct graph structure 1`] = `
{
  "id": [
    "langgraph",
    "pregel",
    "CompiledStateGraph",
  ],
  "lc": 1,
  "type": "not_implemented",
}
`;

exports[`graph (A before: [ 'tools', 'model' ], A after: [ 'model', 'end' ] | B before: [ 'tools', 'model' ], B after: [ 'tools', 'model', 'end' ]) > should create correct graph structure 1`] = `
{
  "id": [
    "langgraph",
    "pregel",
    "CompiledStateGraph",
  ],
  "lc": 1,
  "type": "not_implemented",
}
`;

exports[`graph (A before: [ 'tools', 'model' ], A after: [ 'tools' ] | B before: [ 'tools', 'model' ], B after: [ 'model' ] | tools: false) > should create correct graph structure 1`] = `
{
  "id": [
    "langgraph",
    "pregel",
    "CompiledStateGraph",
  ],
  "lc": 1,
  "type": "not_implemented",
}
`;

exports[`graph (A before: [ 'tools', 'model' ], A after: [ 'tools' ] | B before: [ 'tools', 'model' ], B after: [ 'model' ] | tools: true) > should create correct graph structure 1`] = `
{
  "id": [
    "langgraph",
    "pregel",
    "CompiledStateGraph",
  ],
  "lc": 1,
  "type": "not_implemented",
}
`;

exports[`graph (A before: [ 'tools', 'model' ], A after: [ 'tools' ] | B before: [ 'tools', 'model' ], B after: [ 'model' ]) > should create correct graph structure 1`] = `
{
  "id": [
    "langgraph",
    "pregel",
    "CompiledStateGraph",
  ],
  "lc": 1,
  "type": "not_implemented",
}
`;

exports[`graph (A before: [ 'tools', 'model' ], A after: [ 'tools', 'end' ] | B before: [ 'tools', 'model' ], B after: [ 'model', 'end' ] | tools: false) > should create correct graph structure 1`] = `
{
  "id": [
    "langgraph",
    "pregel",
    "CompiledStateGraph",
  ],
  "lc": 1,
  "type": "not_implemented",
}
`;

exports[`graph (A before: [ 'tools', 'model' ], A after: [ 'tools', 'end' ] | B before: [ 'tools', 'model' ], B after: [ 'model', 'end' ] | tools: true) > should create correct graph structure 1`] = `
{
  "id": [
    "langgraph",
    "pregel",
    "CompiledStateGraph",
  ],
  "lc": 1,
  "type": "not_implemented",
}
`;

exports[`graph (A before: [ 'tools', 'model' ], A after: [ 'tools', 'end' ] | B before: [ 'tools', 'model' ], B after: [ 'model', 'end' ]) > should create correct graph structure 1`] = `
{
  "id": [
    "langgraph",
    "pregel",
    "CompiledStateGraph",
  ],
  "lc": 1,
  "type": "not_implemented",
}
`;

exports[`graph (A before: [ 'tools', 'model' ], A after: [ 'tools', 'model' ] | B before: [ 'tools', 'model' ], B after: [ 'end' ] | tools: false) > should create correct graph structure 1`] = `
{
  "id": [
    "langgraph",
    "pregel",
    "CompiledStateGraph",
  ],
  "lc": 1,
  "type": "not_implemented",
}
`;

exports[`graph (A before: [ 'tools', 'model' ], A after: [ 'tools', 'model' ] | B before: [ 'tools', 'model' ], B after: [ 'end' ] | tools: true) > should create correct graph structure 1`] = `
{
  "id": [
    "langgraph",
    "pregel",
    "CompiledStateGraph",
  ],
  "lc": 1,
  "type": "not_implemented",
}
`;

exports[`graph (A before: [ 'tools', 'model' ], A after: [ 'tools', 'model' ] | B before: [ 'tools', 'model' ], B after: [ 'end' ]) > should create correct graph structure 1`] = `
{
  "id": [
    "langgraph",
    "pregel",
    "CompiledStateGraph",
  ],
  "lc": 1,
  "type": "not_implemented",
}
`;

exports[`graph (A before: [ 'tools', 'model' ], A after: [ 'tools', 'model', 'end' ] | B before: [ 'end' ], B after: undefined | tools: false) > should create correct graph structure 1`] = `
{
  "id": [
    "langgraph",
    "pregel",
    "CompiledStateGraph",
  ],
  "lc": 1,
  "type": "not_implemented",
}
`;

exports[`graph (A before: [ 'tools', 'model' ], A after: [ 'tools', 'model', 'end' ] | B before: [ 'end' ], B after: undefined | tools: true) > should create correct graph structure 1`] = `
{
  "id": [
    "langgraph",
    "pregel",
    "CompiledStateGraph",
  ],
  "lc": 1,
  "type": "not_implemented",
}
`;

exports[`graph (A before: [ 'tools', 'model' ], A after: [ 'tools', 'model', 'end' ] | B before: [ 'end' ], B after: undefined) > should create correct graph structure 1`] = `
{
  "id": [
    "langgraph",
    "pregel",
    "CompiledStateGraph",
  ],
  "lc": 1,
  "type": "not_implemented",
}
`;

exports[`graph (A before: [ 'tools', 'model' ], A after: [] | B before: [ 'tools', 'model' ], B after: [ 'tools' ] | tools: false) > should create correct graph structure 1`] = `
{
  "id": [
    "langgraph",
    "pregel",
    "CompiledStateGraph",
  ],
  "lc": 1,
  "type": "not_implemented",
}
`;

exports[`graph (A before: [ 'tools', 'model' ], A after: [] | B before: [ 'tools', 'model' ], B after: [ 'tools' ] | tools: true) > should create correct graph structure 1`] = `
{
  "id": [
    "langgraph",
    "pregel",
    "CompiledStateGraph",
  ],
  "lc": 1,
  "type": "not_implemented",
}
`;

exports[`graph (A before: [ 'tools', 'model' ], A after: [] | B before: [ 'tools', 'model' ], B after: [ 'tools' ]) > should create correct graph structure 1`] = `
{
  "id": [
    "langgraph",
    "pregel",
    "CompiledStateGraph",
  ],
  "lc": 1,
  "type": "not_implemented",
}
`;

exports[`graph (A before: [ 'tools', 'model' ], A after: undefined | B before: [ 'tools', 'model' ], B after: [] | tools: false) > should create correct graph structure 1`] = `
{
  "id": [
    "langgraph",
    "pregel",
    "CompiledStateGraph",
  ],
  "lc": 1,
  "type": "not_implemented",
}
`;

exports[`graph (A before: [ 'tools', 'model' ], A after: undefined | B before: [ 'tools', 'model' ], B after: [] | tools: true) > should create correct graph structure 1`] = `
{
  "id": [
    "langgraph",
    "pregel",
    "CompiledStateGraph",
  ],
  "lc": 1,
  "type": "not_implemented",
}
`;

exports[`graph (A before: [ 'tools', 'model' ], A after: undefined | B before: [ 'tools', 'model' ], B after: []) > should create correct graph structure 1`] = `
{
  "id": [
    "langgraph",
    "pregel",
    "CompiledStateGraph",
  ],
  "lc": 1,
  "type": "not_implemented",
}
`;

exports[`graph (A before: [ 'tools', 'model', 'end' ], A after: [ 'end' ] | B before: [ 'tools', 'model', 'end' ], B after: [ 'tools', 'end' ] | tools: false) > should create correct graph structure 1`] = `
{
  "id": [
    "langgraph",
    "pregel",
    "CompiledStateGraph",
  ],
  "lc": 1,
  "type": "not_implemented",
}
`;

exports[`graph (A before: [ 'tools', 'model', 'end' ], A after: [ 'end' ] | B before: [ 'tools', 'model', 'end' ], B after: [ 'tools', 'end' ] | tools: true) > should create correct graph structure 1`] = `
{
  "id": [
    "langgraph",
    "pregel",
    "CompiledStateGraph",
  ],
  "lc": 1,
  "type": "not_implemented",
}
`;

exports[`graph (A before: [ 'tools', 'model', 'end' ], A after: [ 'end' ] | B before: [ 'tools', 'model', 'end' ], B after: [ 'tools', 'end' ]) > should create correct graph structure 1`] = `
{
  "id": [
    "langgraph",
    "pregel",
    "CompiledStateGraph",
  ],
  "lc": 1,
  "type": "not_implemented",
}
`;

exports[`graph (A before: [ 'tools', 'model', 'end' ], A after: [ 'model' ] | B before: [ 'tools', 'model', 'end' ], B after: [ 'tools', 'model' ] | tools: false) > should create correct graph structure 1`] = `
{
  "id": [
    "langgraph",
    "pregel",
    "CompiledStateGraph",
  ],
  "lc": 1,
  "type": "not_implemented",
}
`;

exports[`graph (A before: [ 'tools', 'model', 'end' ], A after: [ 'model' ] | B before: [ 'tools', 'model', 'end' ], B after: [ 'tools', 'model' ] | tools: true) > should create correct graph structure 1`] = `
{
  "id": [
    "langgraph",
    "pregel",
    "CompiledStateGraph",
  ],
  "lc": 1,
  "type": "not_implemented",
}
`;

exports[`graph (A before: [ 'tools', 'model', 'end' ], A after: [ 'model' ] | B before: [ 'tools', 'model', 'end' ], B after: [ 'tools', 'model' ]) > should create correct graph structure 1`] = `
{
  "id": [
    "langgraph",
    "pregel",
    "CompiledStateGraph",
  ],
  "lc": 1,
  "type": "not_implemented",
}
`;

exports[`graph (A before: [ 'tools', 'model', 'end' ], A after: [ 'model', 'end' ] | B before: [ 'tools', 'model', 'end' ], B after: [ 'tools', 'model', 'end' ] | tools: false) > should create correct graph structure 1`] = `
{
  "id": [
    "langgraph",
    "pregel",
    "CompiledStateGraph",
  ],
  "lc": 1,
  "type": "not_implemented",
}
`;

exports[`graph (A before: [ 'tools', 'model', 'end' ], A after: [ 'model', 'end' ] | B before: [ 'tools', 'model', 'end' ], B after: [ 'tools', 'model', 'end' ] | tools: true) > should create correct graph structure 1`] = `
{
  "id": [
    "langgraph",
    "pregel",
    "CompiledStateGraph",
  ],
  "lc": 1,
  "type": "not_implemented",
}
`;

exports[`graph (A before: [ 'tools', 'model', 'end' ], A after: [ 'model', 'end' ] | B before: [ 'tools', 'model', 'end' ], B after: [ 'tools', 'model', 'end' ]) > should create correct graph structure 1`] = `
{
  "id": [
    "langgraph",
    "pregel",
    "CompiledStateGraph",
  ],
  "lc": 1,
  "type": "not_implemented",
}
`;

exports[`graph (A before: [ 'tools', 'model', 'end' ], A after: [ 'tools' ] | B before: [ 'tools', 'model', 'end' ], B after: [ 'model' ] | tools: false) > should create correct graph structure 1`] = `
{
  "id": [
    "langgraph",
    "pregel",
    "CompiledStateGraph",
  ],
  "lc": 1,
  "type": "not_implemented",
}
`;

exports[`graph (A before: [ 'tools', 'model', 'end' ], A after: [ 'tools' ] | B before: [ 'tools', 'model', 'end' ], B after: [ 'model' ] | tools: true) > should create correct graph structure 1`] = `
{
  "id": [
    "langgraph",
    "pregel",
    "CompiledStateGraph",
  ],
  "lc": 1,
  "type": "not_implemented",
}
`;

exports[`graph (A before: [ 'tools', 'model', 'end' ], A after: [ 'tools' ] | B before: [ 'tools', 'model', 'end' ], B after: [ 'model' ]) > should create correct graph structure 1`] = `
{
  "id": [
    "langgraph",
    "pregel",
    "CompiledStateGraph",
  ],
  "lc": 1,
  "type": "not_implemented",
}
`;

exports[`graph (A before: [ 'tools', 'model', 'end' ], A after: [ 'tools', 'end' ] | B before: [ 'tools', 'model', 'end' ], B after: [ 'model', 'end' ] | tools: false) > should create correct graph structure 1`] = `
{
  "id": [
    "langgraph",
    "pregel",
    "CompiledStateGraph",
  ],
  "lc": 1,
  "type": "not_implemented",
}
`;

exports[`graph (A before: [ 'tools', 'model', 'end' ], A after: [ 'tools', 'end' ] | B before: [ 'tools', 'model', 'end' ], B after: [ 'model', 'end' ] | tools: true) > should create correct graph structure 1`] = `
{
  "id": [
    "langgraph",
    "pregel",
    "CompiledStateGraph",
  ],
  "lc": 1,
  "type": "not_implemented",
}
`;

exports[`graph (A before: [ 'tools', 'model', 'end' ], A after: [ 'tools', 'end' ] | B before: [ 'tools', 'model', 'end' ], B after: [ 'model', 'end' ]) > should create correct graph structure 1`] = `
{
  "id": [
    "langgraph",
    "pregel",
    "CompiledStateGraph",
  ],
  "lc": 1,
  "type": "not_implemented",
}
`;

exports[`graph (A before: [ 'tools', 'model', 'end' ], A after: [ 'tools', 'model' ] | B before: [ 'tools', 'model', 'end' ], B after: [ 'end' ] | tools: false) > should create correct graph structure 1`] = `
{
  "id": [
    "langgraph",
    "pregel",
    "CompiledStateGraph",
  ],
  "lc": 1,
  "type": "not_implemented",
}
`;

exports[`graph (A before: [ 'tools', 'model', 'end' ], A after: [ 'tools', 'model' ] | B before: [ 'tools', 'model', 'end' ], B after: [ 'end' ] | tools: true) > should create correct graph structure 1`] = `
{
  "id": [
    "langgraph",
    "pregel",
    "CompiledStateGraph",
  ],
  "lc": 1,
  "type": "not_implemented",
}
`;

exports[`graph (A before: [ 'tools', 'model', 'end' ], A after: [ 'tools', 'model' ] | B before: [ 'tools', 'model', 'end' ], B after: [ 'end' ]) > should create correct graph structure 1`] = `
{
  "id": [
    "langgraph",
    "pregel",
    "CompiledStateGraph",
  ],
  "lc": 1,
  "type": "not_implemented",
}
`;

exports[`graph (A before: [ 'tools', 'model', 'end' ], A after: [ 'tools', 'model', 'end' ] | B before: undefined, B after: undefined | tools: false) > should create correct graph structure 1`] = `
{
  "id": [
    "langgraph",
    "pregel",
    "CompiledStateGraph",
  ],
  "lc": 1,
  "type": "not_implemented",
}
`;

exports[`graph (A before: [ 'tools', 'model', 'end' ], A after: [ 'tools', 'model', 'end' ] | B before: undefined, B after: undefined | tools: true) > should create correct graph structure 1`] = `
{
  "id": [
    "langgraph",
    "pregel",
    "CompiledStateGraph",
  ],
  "lc": 1,
  "type": "not_implemented",
}
`;

exports[`graph (A before: [ 'tools', 'model', 'end' ], A after: [ 'tools', 'model', 'end' ] | B before: undefined, B after: undefined) > should create correct graph structure 1`] = `
{
  "id": [
    "langgraph",
    "pregel",
    "CompiledStateGraph",
  ],
  "lc": 1,
  "type": "not_implemented",
}
`;

exports[`graph (A before: [ 'tools', 'model', 'end' ], A after: [] | B before: [ 'tools', 'model', 'end' ], B after: [ 'tools' ] | tools: false) > should create correct graph structure 1`] = `
{
  "id": [
    "langgraph",
    "pregel",
    "CompiledStateGraph",
  ],
  "lc": 1,
  "type": "not_implemented",
}
`;

exports[`graph (A before: [ 'tools', 'model', 'end' ], A after: [] | B before: [ 'tools', 'model', 'end' ], B after: [ 'tools' ] | tools: true) > should create correct graph structure 1`] = `
{
  "id": [
    "langgraph",
    "pregel",
    "CompiledStateGraph",
  ],
  "lc": 1,
  "type": "not_implemented",
}
`;

exports[`graph (A before: [ 'tools', 'model', 'end' ], A after: [] | B before: [ 'tools', 'model', 'end' ], B after: [ 'tools' ]) > should create correct graph structure 1`] = `
{
  "id": [
    "langgraph",
    "pregel",
    "CompiledStateGraph",
  ],
  "lc": 1,
  "type": "not_implemented",
}
`;

exports[`graph (A before: [ 'tools', 'model', 'end' ], A after: undefined | B before: [ 'tools', 'model', 'end' ], B after: [] | tools: false) > should create correct graph structure 1`] = `
{
  "id": [
    "langgraph",
    "pregel",
    "CompiledStateGraph",
  ],
  "lc": 1,
  "type": "not_implemented",
}
`;

exports[`graph (A before: [ 'tools', 'model', 'end' ], A after: undefined | B before: [ 'tools', 'model', 'end' ], B after: [] | tools: true) > should create correct graph structure 1`] = `
{
  "id": [
    "langgraph",
    "pregel",
    "CompiledStateGraph",
  ],
  "lc": 1,
  "type": "not_implemented",
}
`;

exports[`graph (A before: [ 'tools', 'model', 'end' ], A after: undefined | B before: [ 'tools', 'model', 'end' ], B after: []) > should create correct graph structure 1`] = `
{
  "id": [
    "langgraph",
    "pregel",
    "CompiledStateGraph",
  ],
  "lc": 1,
  "type": "not_implemented",
}
`;

exports[`graph (A before: [], A after: [ 'end' ] | B before: [], B after: [ 'tools', 'end' ] | tools: false) > should create correct graph structure 1`] = `
{
  "id": [
    "langgraph",
    "pregel",
    "CompiledStateGraph",
  ],
  "lc": 1,
  "type": "not_implemented",
}
`;

exports[`graph (A before: [], A after: [ 'end' ] | B before: [], B after: [ 'tools', 'end' ] | tools: true) > should create correct graph structure 1`] = `
{
  "id": [
    "langgraph",
    "pregel",
    "CompiledStateGraph",
  ],
  "lc": 1,
  "type": "not_implemented",
}
`;

exports[`graph (A before: [], A after: [ 'end' ] | B before: [], B after: [ 'tools', 'end' ]) > should create correct graph structure 1`] = `
{
  "id": [
    "langgraph",
    "pregel",
    "CompiledStateGraph",
  ],
  "lc": 1,
  "type": "not_implemented",
}
`;

exports[`graph (A before: [], A after: [ 'model' ] | B before: [], B after: [ 'tools', 'model' ] | tools: false) > should create correct graph structure 1`] = `
{
  "id": [
    "langgraph",
    "pregel",
    "CompiledStateGraph",
  ],
  "lc": 1,
  "type": "not_implemented",
}
`;

exports[`graph (A before: [], A after: [ 'model' ] | B before: [], B after: [ 'tools', 'model' ] | tools: true) > should create correct graph structure 1`] = `
{
  "id": [
    "langgraph",
    "pregel",
    "CompiledStateGraph",
  ],
  "lc": 1,
  "type": "not_implemented",
}
`;

exports[`graph (A before: [], A after: [ 'model' ] | B before: [], B after: [ 'tools', 'model' ]) > should create correct graph structure 1`] = `
{
  "id": [
    "langgraph",
    "pregel",
    "CompiledStateGraph",
  ],
  "lc": 1,
  "type": "not_implemented",
}
`;

exports[`graph (A before: [], A after: [ 'model', 'end' ] | B before: [], B after: [ 'tools', 'model', 'end' ] | tools: false) > should create correct graph structure 1`] = `
{
  "id": [
    "langgraph",
    "pregel",
    "CompiledStateGraph",
  ],
  "lc": 1,
  "type": "not_implemented",
}
`;

exports[`graph (A before: [], A after: [ 'model', 'end' ] | B before: [], B after: [ 'tools', 'model', 'end' ] | tools: true) > should create correct graph structure 1`] = `
{
  "id": [
    "langgraph",
    "pregel",
    "CompiledStateGraph",
  ],
  "lc": 1,
  "type": "not_implemented",
}
`;

exports[`graph (A before: [], A after: [ 'model', 'end' ] | B before: [], B after: [ 'tools', 'model', 'end' ]) > should create correct graph structure 1`] = `
{
  "id": [
    "langgraph",
    "pregel",
    "CompiledStateGraph",
  ],
  "lc": 1,
  "type": "not_implemented",
}
`;

exports[`graph (A before: [], A after: [ 'tools' ] | B before: [], B after: [ 'model' ] | tools: false) > should create correct graph structure 1`] = `
{
  "id": [
    "langgraph",
    "pregel",
    "CompiledStateGraph",
  ],
  "lc": 1,
  "type": "not_implemented",
}
`;

exports[`graph (A before: [], A after: [ 'tools' ] | B before: [], B after: [ 'model' ] | tools: true) > should create correct graph structure 1`] = `
{
  "id": [
    "langgraph",
    "pregel",
    "CompiledStateGraph",
  ],
  "lc": 1,
  "type": "not_implemented",
}
`;

exports[`graph (A before: [], A after: [ 'tools' ] | B before: [], B after: [ 'model' ]) > should create correct graph structure 1`] = `
{
  "id": [
    "langgraph",
    "pregel",
    "CompiledStateGraph",
  ],
  "lc": 1,
  "type": "not_implemented",
}
`;

exports[`graph (A before: [], A after: [ 'tools', 'end' ] | B before: [], B after: [ 'model', 'end' ] | tools: false) > should create correct graph structure 1`] = `
{
  "id": [
    "langgraph",
    "pregel",
    "CompiledStateGraph",
  ],
  "lc": 1,
  "type": "not_implemented",
}
`;

exports[`graph (A before: [], A after: [ 'tools', 'end' ] | B before: [], B after: [ 'model', 'end' ] | tools: true) > should create correct graph structure 1`] = `
{
  "id": [
    "langgraph",
    "pregel",
    "CompiledStateGraph",
  ],
  "lc": 1,
  "type": "not_implemented",
}
`;

exports[`graph (A before: [], A after: [ 'tools', 'end' ] | B before: [], B after: [ 'model', 'end' ]) > should create correct graph structure 1`] = `
{
  "id": [
    "langgraph",
    "pregel",
    "CompiledStateGraph",
  ],
  "lc": 1,
  "type": "not_implemented",
}
`;

exports[`graph (A before: [], A after: [ 'tools', 'model' ] | B before: [], B after: [ 'end' ] | tools: false) > should create correct graph structure 1`] = `
{
  "id": [
    "langgraph",
    "pregel",
    "CompiledStateGraph",
  ],
  "lc": 1,
  "type": "not_implemented",
}
`;

exports[`graph (A before: [], A after: [ 'tools', 'model' ] | B before: [], B after: [ 'end' ] | tools: true) > should create correct graph structure 1`] = `
{
  "id": [
    "langgraph",
    "pregel",
    "CompiledStateGraph",
  ],
  "lc": 1,
  "type": "not_implemented",
}
`;

exports[`graph (A before: [], A after: [ 'tools', 'model' ] | B before: [], B after: [ 'end' ]) > should create correct graph structure 1`] = `
{
  "id": [
    "langgraph",
    "pregel",
    "CompiledStateGraph",
  ],
  "lc": 1,
  "type": "not_implemented",
}
`;

exports[`graph (A before: [], A after: [ 'tools', 'model', 'end' ] | B before: [ 'tools' ], B after: undefined | tools: false) > should create correct graph structure 1`] = `
{
  "id": [
    "langgraph",
    "pregel",
    "CompiledStateGraph",
  ],
  "lc": 1,
  "type": "not_implemented",
}
`;

exports[`graph (A before: [], A after: [ 'tools', 'model', 'end' ] | B before: [ 'tools' ], B after: undefined | tools: true) > should create correct graph structure 1`] = `
{
  "id": [
    "langgraph",
    "pregel",
    "CompiledStateGraph",
  ],
  "lc": 1,
  "type": "not_implemented",
}
`;

exports[`graph (A before: [], A after: [ 'tools', 'model', 'end' ] | B before: [ 'tools' ], B after: undefined) > should create correct graph structure 1`] = `
{
  "id": [
    "langgraph",
    "pregel",
    "CompiledStateGraph",
  ],
  "lc": 1,
  "type": "not_implemented",
}
`;

exports[`graph (A before: [], A after: [] | B before: [], B after: [ 'tools' ] | tools: false) > should create correct graph structure 1`] = `
{
  "id": [
    "langgraph",
    "pregel",
    "CompiledStateGraph",
  ],
  "lc": 1,
  "type": "not_implemented",
}
`;

exports[`graph (A before: [], A after: [] | B before: [], B after: [ 'tools' ] | tools: true) > should create correct graph structure 1`] = `
{
  "id": [
    "langgraph",
    "pregel",
    "CompiledStateGraph",
  ],
  "lc": 1,
  "type": "not_implemented",
}
`;

exports[`graph (A before: [], A after: [] | B before: [], B after: [ 'tools' ]) > should create correct graph structure 1`] = `
{
  "id": [
    "langgraph",
    "pregel",
    "CompiledStateGraph",
  ],
  "lc": 1,
  "type": "not_implemented",
}
`;

exports[`graph (A before: [], A after: undefined | B before: [], B after: [] | tools: false) > should create correct graph structure 1`] = `
{
  "id": [
    "langgraph",
    "pregel",
    "CompiledStateGraph",
  ],
  "lc": 1,
  "type": "not_implemented",
}
`;

exports[`graph (A before: [], A after: undefined | B before: [], B after: [] | tools: true) > should create correct graph structure 1`] = `
{
  "id": [
    "langgraph",
    "pregel",
    "CompiledStateGraph",
  ],
  "lc": 1,
  "type": "not_implemented",
}
`;

exports[`graph (A before: [], A after: undefined | B before: [], B after: []) > should create correct graph structure 1`] = `
{
  "id": [
    "langgraph",
    "pregel",
    "CompiledStateGraph",
  ],
  "lc": 1,
  "type": "not_implemented",
}
`;

exports[`graph (A before: undefined, A after: [ 'end' ] | B before: undefined, B after: [ 'tools', 'end' ] | tools: false) > should create correct graph structure 1`] = `
{
  "id": [
    "langgraph",
    "pregel",
    "CompiledStateGraph",
  ],
  "lc": 1,
  "type": "not_implemented",
}
`;

exports[`graph (A before: undefined, A after: [ 'end' ] | B before: undefined, B after: [ 'tools', 'end' ] | tools: true) > should create correct graph structure 1`] = `
{
  "id": [
    "langgraph",
    "pregel",
    "CompiledStateGraph",
  ],
  "lc": 1,
  "type": "not_implemented",
}
`;

exports[`graph (A before: undefined, A after: [ 'end' ] | B before: undefined, B after: [ 'tools', 'end' ]) > should create correct graph structure 1`] = `
{
  "id": [
    "langgraph",
    "pregel",
    "CompiledStateGraph",
  ],
  "lc": 1,
  "type": "not_implemented",
}
`;

exports[`graph (A before: undefined, A after: [ 'model' ] | B before: undefined, B after: [ 'tools', 'model' ] | tools: false) > should create correct graph structure 1`] = `
{
  "id": [
    "langgraph",
    "pregel",
    "CompiledStateGraph",
  ],
  "lc": 1,
  "type": "not_implemented",
}
`;

exports[`graph (A before: undefined, A after: [ 'model' ] | B before: undefined, B after: [ 'tools', 'model' ] | tools: true) > should create correct graph structure 1`] = `
{
  "id": [
    "langgraph",
    "pregel",
    "CompiledStateGraph",
  ],
  "lc": 1,
  "type": "not_implemented",
}
`;

exports[`graph (A before: undefined, A after: [ 'model' ] | B before: undefined, B after: [ 'tools', 'model' ]) > should create correct graph structure 1`] = `
{
  "id": [
    "langgraph",
    "pregel",
    "CompiledStateGraph",
  ],
  "lc": 1,
  "type": "not_implemented",
}
`;

exports[`graph (A before: undefined, A after: [ 'model', 'end' ] | B before: undefined, B after: [ 'tools', 'model', 'end' ] | tools: false) > should create correct graph structure 1`] = `
{
  "id": [
    "langgraph",
    "pregel",
    "CompiledStateGraph",
  ],
  "lc": 1,
  "type": "not_implemented",
}
`;

exports[`graph (A before: undefined, A after: [ 'model', 'end' ] | B before: undefined, B after: [ 'tools', 'model', 'end' ] | tools: true) > should create correct graph structure 1`] = `
{
  "id": [
    "langgraph",
    "pregel",
    "CompiledStateGraph",
  ],
  "lc": 1,
  "type": "not_implemented",
}
`;

exports[`graph (A before: undefined, A after: [ 'model', 'end' ] | B before: undefined, B after: [ 'tools', 'model', 'end' ]) > should create correct graph structure 1`] = `
{
  "id": [
    "langgraph",
    "pregel",
    "CompiledStateGraph",
  ],
  "lc": 1,
  "type": "not_implemented",
}
`;

exports[`graph (A before: undefined, A after: [ 'tools' ] | B before: undefined, B after: [ 'model' ] | tools: false) > should create correct graph structure 1`] = `
{
  "id": [
    "langgraph",
    "pregel",
    "CompiledStateGraph",
  ],
  "lc": 1,
  "type": "not_implemented",
}
`;

exports[`graph (A before: undefined, A after: [ 'tools' ] | B before: undefined, B after: [ 'model' ] | tools: true) > should create correct graph structure 1`] = `
{
  "id": [
    "langgraph",
    "pregel",
    "CompiledStateGraph",
  ],
  "lc": 1,
  "type": "not_implemented",
}
`;

exports[`graph (A before: undefined, A after: [ 'tools' ] | B before: undefined, B after: [ 'model' ]) > should create correct graph structure 1`] = `
{
  "id": [
    "langgraph",
    "pregel",
    "CompiledStateGraph",
  ],
  "lc": 1,
  "type": "not_implemented",
}
`;

exports[`graph (A before: undefined, A after: [ 'tools', 'end' ] | B before: undefined, B after: [ 'model', 'end' ] | tools: false) > should create correct graph structure 1`] = `
{
  "id": [
    "langgraph",
    "pregel",
    "CompiledStateGraph",
  ],
  "lc": 1,
  "type": "not_implemented",
}
`;

exports[`graph (A before: undefined, A after: [ 'tools', 'end' ] | B before: undefined, B after: [ 'model', 'end' ] | tools: true) > should create correct graph structure 1`] = `
{
  "id": [
    "langgraph",
    "pregel",
    "CompiledStateGraph",
  ],
  "lc": 1,
  "type": "not_implemented",
}
`;

exports[`graph (A before: undefined, A after: [ 'tools', 'end' ] | B before: undefined, B after: [ 'model', 'end' ]) > should create correct graph structure 1`] = `
{
  "id": [
    "langgraph",
    "pregel",
    "CompiledStateGraph",
  ],
  "lc": 1,
  "type": "not_implemented",
}
`;

exports[`graph (A before: undefined, A after: [ 'tools', 'model' ] | B before: undefined, B after: [ 'end' ] | tools: false) > should create correct graph structure 1`] = `
{
  "id": [
    "langgraph",
    "pregel",
    "CompiledStateGraph",
  ],
  "lc": 1,
  "type": "not_implemented",
}
`;

exports[`graph (A before: undefined, A after: [ 'tools', 'model' ] | B before: undefined, B after: [ 'end' ] | tools: true) > should create correct graph structure 1`] = `
{
  "id": [
    "langgraph",
    "pregel",
    "CompiledStateGraph",
  ],
  "lc": 1,
  "type": "not_implemented",
}
`;

exports[`graph (A before: undefined, A after: [ 'tools', 'model' ] | B before: undefined, B after: [ 'end' ]) > should create correct graph structure 1`] = `
{
  "id": [
    "langgraph",
    "pregel",
    "CompiledStateGraph",
  ],
  "lc": 1,
  "type": "not_implemented",
}
`;

exports[`graph (A before: undefined, A after: [ 'tools', 'model', 'end' ] | B before: [], B after: undefined | tools: false) > should create correct graph structure 1`] = `
{
  "id": [
    "langgraph",
    "pregel",
    "CompiledStateGraph",
  ],
  "lc": 1,
  "type": "not_implemented",
}
`;

exports[`graph (A before: undefined, A after: [ 'tools', 'model', 'end' ] | B before: [], B after: undefined | tools: true) > should create correct graph structure 1`] = `
{
  "id": [
    "langgraph",
    "pregel",
    "CompiledStateGraph",
  ],
  "lc": 1,
  "type": "not_implemented",
}
`;

exports[`graph (A before: undefined, A after: [ 'tools', 'model', 'end' ] | B before: [], B after: undefined) > should create correct graph structure 1`] = `
{
  "id": [
    "langgraph",
    "pregel",
    "CompiledStateGraph",
  ],
  "lc": 1,
  "type": "not_implemented",
}
`;

exports[`graph (A before: undefined, A after: [] | B before: undefined, B after: [ 'tools' ] | tools: false) > should create correct graph structure 1`] = `
{
  "id": [
    "langgraph",
    "pregel",
    "CompiledStateGraph",
  ],
  "lc": 1,
  "type": "not_implemented",
}
`;

exports[`graph (A before: undefined, A after: [] | B before: undefined, B after: [ 'tools' ] | tools: true) > should create correct graph structure 1`] = `
{
  "id": [
    "langgraph",
    "pregel",
    "CompiledStateGraph",
  ],
  "lc": 1,
  "type": "not_implemented",
}
`;

exports[`graph (A before: undefined, A after: [] | B before: undefined, B after: [ 'tools' ]) > should create correct graph structure 1`] = `
{
  "id": [
    "langgraph",
    "pregel",
    "CompiledStateGraph",
  ],
  "lc": 1,
  "type": "not_implemented",
}
`;

exports[`graph (A before: undefined, A after: undefined | B before: undefined, B after: [] | tools: false) > should create correct graph structure 1`] = `
{
  "id": [
    "langgraph",
    "pregel",
    "CompiledStateGraph",
  ],
  "lc": 1,
  "type": "not_implemented",
}
`;

exports[`graph (A before: undefined, A after: undefined | B before: undefined, B after: [] | tools: true) > should create correct graph structure 1`] = `
{
  "id": [
    "langgraph",
    "pregel",
    "CompiledStateGraph",
  ],
  "lc": 1,
  "type": "not_implemented",
}
`;

exports[`graph (A before: undefined, A after: undefined | B before: undefined, B after: []) > should create correct graph structure 1`] = `
{
  "id": [
    "langgraph",
    "pregel",
    "CompiledStateGraph",
  ],
  "lc": 1,
  "type": "not_implemented",
}
`;

exports[`graph (beforeModelJumpTo: [ 'end' ], afterModelJumpTo: [ 'end' ]) > should create correct graph structure 1`] = `
{
  "id": [
    "langgraph",
    "pregel",
    "CompiledStateGraph",
  ],
  "lc": 1,
  "type": "not_implemented",
}
`;

exports[`graph (beforeModelJumpTo: [ 'end' ], afterModelJumpTo: [ 'model' ]) > should create correct graph structure 1`] = `
{
  "id": [
    "langgraph",
    "pregel",
    "CompiledStateGraph",
  ],
  "lc": 1,
  "type": "not_implemented",
}
`;

exports[`graph (beforeModelJumpTo: [ 'end' ], afterModelJumpTo: [ 'model', 'end' ]) > should create correct graph structure 1`] = `
{
  "id": [
    "langgraph",
    "pregel",
    "CompiledStateGraph",
  ],
  "lc": 1,
  "type": "not_implemented",
}
`;

exports[`graph (beforeModelJumpTo: [ 'end' ], afterModelJumpTo: [ 'tools' ]) > should create correct graph structure 1`] = `
{
  "id": [
    "langgraph",
    "pregel",
    "CompiledStateGraph",
  ],
  "lc": 1,
  "type": "not_implemented",
}
`;

exports[`graph (beforeModelJumpTo: [ 'end' ], afterModelJumpTo: [ 'tools', 'end' ]) > should create correct graph structure 1`] = `
{
  "id": [
    "langgraph",
    "pregel",
    "CompiledStateGraph",
  ],
  "lc": 1,
  "type": "not_implemented",
}
`;

exports[`graph (beforeModelJumpTo: [ 'end' ], afterModelJumpTo: [ 'tools', 'model' ]) > should create correct graph structure 1`] = `
{
  "id": [
    "langgraph",
    "pregel",
    "CompiledStateGraph",
  ],
  "lc": 1,
  "type": "not_implemented",
}
`;

exports[`graph (beforeModelJumpTo: [ 'end' ], afterModelJumpTo: [ 'tools', 'model', 'end' ]) > should create correct graph structure 1`] = `
{
  "id": [
    "langgraph",
    "pregel",
    "CompiledStateGraph",
  ],
  "lc": 1,
  "type": "not_implemented",
}
`;

exports[`graph (beforeModelJumpTo: [ 'end' ], afterModelJumpTo: []) > should create correct graph structure 1`] = `
{
  "id": [
    "langgraph",
    "pregel",
    "CompiledStateGraph",
  ],
  "lc": 1,
  "type": "not_implemented",
}
`;

exports[`graph (beforeModelJumpTo: [ 'end' ], afterModelJumpTo: undefined) > should create correct graph structure 1`] = `
{
  "id": [
    "langgraph",
    "pregel",
    "CompiledStateGraph",
  ],
  "lc": 1,
  "type": "not_implemented",
}
`;

exports[`graph (beforeModelJumpTo: [ 'model' ], afterModelJumpTo: [ 'end' ]) > should create correct graph structure 1`] = `
{
  "id": [
    "langgraph",
    "pregel",
    "CompiledStateGraph",
  ],
  "lc": 1,
  "type": "not_implemented",
}
`;

exports[`graph (beforeModelJumpTo: [ 'model' ], afterModelJumpTo: [ 'model' ]) > should create correct graph structure 1`] = `
{
  "id": [
    "langgraph",
    "pregel",
    "CompiledStateGraph",
  ],
  "lc": 1,
  "type": "not_implemented",
}
`;

exports[`graph (beforeModelJumpTo: [ 'model' ], afterModelJumpTo: [ 'model', 'end' ]) > should create correct graph structure 1`] = `
{
  "id": [
    "langgraph",
    "pregel",
    "CompiledStateGraph",
  ],
  "lc": 1,
  "type": "not_implemented",
}
`;

exports[`graph (beforeModelJumpTo: [ 'model' ], afterModelJumpTo: [ 'tools' ]) > should create correct graph structure 1`] = `
{
  "id": [
    "langgraph",
    "pregel",
    "CompiledStateGraph",
  ],
  "lc": 1,
  "type": "not_implemented",
}
`;

exports[`graph (beforeModelJumpTo: [ 'model' ], afterModelJumpTo: [ 'tools', 'end' ]) > should create correct graph structure 1`] = `
{
  "id": [
    "langgraph",
    "pregel",
    "CompiledStateGraph",
  ],
  "lc": 1,
  "type": "not_implemented",
}
`;

exports[`graph (beforeModelJumpTo: [ 'model' ], afterModelJumpTo: [ 'tools', 'model' ]) > should create correct graph structure 1`] = `
{
  "id": [
    "langgraph",
    "pregel",
    "CompiledStateGraph",
  ],
  "lc": 1,
  "type": "not_implemented",
}
`;

exports[`graph (beforeModelJumpTo: [ 'model' ], afterModelJumpTo: [ 'tools', 'model', 'end' ]) > should create correct graph structure 1`] = `
{
  "id": [
    "langgraph",
    "pregel",
    "CompiledStateGraph",
  ],
  "lc": 1,
  "type": "not_implemented",
}
`;

exports[`graph (beforeModelJumpTo: [ 'model' ], afterModelJumpTo: []) > should create correct graph structure 1`] = `
{
  "id": [
    "langgraph",
    "pregel",
    "CompiledStateGraph",
  ],
  "lc": 1,
  "type": "not_implemented",
}
`;

exports[`graph (beforeModelJumpTo: [ 'model' ], afterModelJumpTo: undefined) > should create correct graph structure 1`] = `
{
  "id": [
    "langgraph",
    "pregel",
    "CompiledStateGraph",
  ],
  "lc": 1,
  "type": "not_implemented",
}
`;

exports[`graph (beforeModelJumpTo: [ 'model', 'end' ], afterModelJumpTo: [ 'end' ]) > should create correct graph structure 1`] = `
{
  "id": [
    "langgraph",
    "pregel",
    "CompiledStateGraph",
  ],
  "lc": 1,
  "type": "not_implemented",
}
`;

exports[`graph (beforeModelJumpTo: [ 'model', 'end' ], afterModelJumpTo: [ 'model' ]) > should create correct graph structure 1`] = `
{
  "id": [
    "langgraph",
    "pregel",
    "CompiledStateGraph",
  ],
  "lc": 1,
  "type": "not_implemented",
}
`;

exports[`graph (beforeModelJumpTo: [ 'model', 'end' ], afterModelJumpTo: [ 'model', 'end' ]) > should create correct graph structure 1`] = `
{
  "id": [
    "langgraph",
    "pregel",
    "CompiledStateGraph",
  ],
  "lc": 1,
  "type": "not_implemented",
}
`;

exports[`graph (beforeModelJumpTo: [ 'model', 'end' ], afterModelJumpTo: [ 'tools' ]) > should create correct graph structure 1`] = `
{
  "id": [
    "langgraph",
    "pregel",
    "CompiledStateGraph",
  ],
  "lc": 1,
  "type": "not_implemented",
}
`;

exports[`graph (beforeModelJumpTo: [ 'model', 'end' ], afterModelJumpTo: [ 'tools', 'end' ]) > should create correct graph structure 1`] = `
{
  "id": [
    "langgraph",
    "pregel",
    "CompiledStateGraph",
  ],
  "lc": 1,
  "type": "not_implemented",
}
`;

exports[`graph (beforeModelJumpTo: [ 'model', 'end' ], afterModelJumpTo: [ 'tools', 'model' ]) > should create correct graph structure 1`] = `
{
  "id": [
    "langgraph",
    "pregel",
    "CompiledStateGraph",
  ],
  "lc": 1,
  "type": "not_implemented",
}
`;

exports[`graph (beforeModelJumpTo: [ 'model', 'end' ], afterModelJumpTo: [ 'tools', 'model', 'end' ]) > should create correct graph structure 1`] = `
{
  "id": [
    "langgraph",
    "pregel",
    "CompiledStateGraph",
  ],
  "lc": 1,
  "type": "not_implemented",
}
`;

exports[`graph (beforeModelJumpTo: [ 'model', 'end' ], afterModelJumpTo: []) > should create correct graph structure 1`] = `
{
  "id": [
    "langgraph",
    "pregel",
    "CompiledStateGraph",
  ],
  "lc": 1,
  "type": "not_implemented",
}
`;

exports[`graph (beforeModelJumpTo: [ 'model', 'end' ], afterModelJumpTo: undefined) > should create correct graph structure 1`] = `
{
  "id": [
    "langgraph",
    "pregel",
    "CompiledStateGraph",
  ],
  "lc": 1,
  "type": "not_implemented",
}
`;

exports[`graph (beforeModelJumpTo: [ 'tools' ], afterModelJumpTo: [ 'end' ]) > should create correct graph structure 1`] = `
{
  "id": [
    "langgraph",
    "pregel",
    "CompiledStateGraph",
  ],
  "lc": 1,
  "type": "not_implemented",
}
`;

exports[`graph (beforeModelJumpTo: [ 'tools' ], afterModelJumpTo: [ 'model' ]) > should create correct graph structure 1`] = `
{
  "id": [
    "langgraph",
    "pregel",
    "CompiledStateGraph",
  ],
  "lc": 1,
  "type": "not_implemented",
}
`;

exports[`graph (beforeModelJumpTo: [ 'tools' ], afterModelJumpTo: [ 'model', 'end' ]) > should create correct graph structure 1`] = `
{
  "id": [
    "langgraph",
    "pregel",
    "CompiledStateGraph",
  ],
  "lc": 1,
  "type": "not_implemented",
}
`;

exports[`graph (beforeModelJumpTo: [ 'tools' ], afterModelJumpTo: [ 'tools' ]) > should create correct graph structure 1`] = `
{
  "id": [
    "langgraph",
    "pregel",
    "CompiledStateGraph",
  ],
  "lc": 1,
  "type": "not_implemented",
}
`;

exports[`graph (beforeModelJumpTo: [ 'tools' ], afterModelJumpTo: [ 'tools', 'end' ]) > should create correct graph structure 1`] = `
{
  "id": [
    "langgraph",
    "pregel",
    "CompiledStateGraph",
  ],
  "lc": 1,
  "type": "not_implemented",
}
`;

exports[`graph (beforeModelJumpTo: [ 'tools' ], afterModelJumpTo: [ 'tools', 'model' ]) > should create correct graph structure 1`] = `
{
  "id": [
    "langgraph",
    "pregel",
    "CompiledStateGraph",
  ],
  "lc": 1,
  "type": "not_implemented",
}
`;

exports[`graph (beforeModelJumpTo: [ 'tools' ], afterModelJumpTo: [ 'tools', 'model', 'end' ]) > should create correct graph structure 1`] = `
{
  "id": [
    "langgraph",
    "pregel",
    "CompiledStateGraph",
  ],
  "lc": 1,
  "type": "not_implemented",
}
`;

exports[`graph (beforeModelJumpTo: [ 'tools' ], afterModelJumpTo: []) > should create correct graph structure 1`] = `
{
  "id": [
    "langgraph",
    "pregel",
    "CompiledStateGraph",
  ],
  "lc": 1,
  "type": "not_implemented",
}
`;

exports[`graph (beforeModelJumpTo: [ 'tools' ], afterModelJumpTo: undefined) > should create correct graph structure 1`] = `
{
  "id": [
    "langgraph",
    "pregel",
    "CompiledStateGraph",
  ],
  "lc": 1,
  "type": "not_implemented",
}
`;

exports[`graph (beforeModelJumpTo: [ 'tools', 'end' ], afterModelJumpTo: [ 'end' ]) > should create correct graph structure 1`] = `
{
  "id": [
    "langgraph",
    "pregel",
    "CompiledStateGraph",
  ],
  "lc": 1,
  "type": "not_implemented",
}
`;

exports[`graph (beforeModelJumpTo: [ 'tools', 'end' ], afterModelJumpTo: [ 'model' ]) > should create correct graph structure 1`] = `
{
  "id": [
    "langgraph",
    "pregel",
    "CompiledStateGraph",
  ],
  "lc": 1,
  "type": "not_implemented",
}
`;

exports[`graph (beforeModelJumpTo: [ 'tools', 'end' ], afterModelJumpTo: [ 'model', 'end' ]) > should create correct graph structure 1`] = `
{
  "id": [
    "langgraph",
    "pregel",
    "CompiledStateGraph",
  ],
  "lc": 1,
  "type": "not_implemented",
}
`;

exports[`graph (beforeModelJumpTo: [ 'tools', 'end' ], afterModelJumpTo: [ 'tools' ]) > should create correct graph structure 1`] = `
{
  "id": [
    "langgraph",
    "pregel",
    "CompiledStateGraph",
  ],
  "lc": 1,
  "type": "not_implemented",
}
`;

exports[`graph (beforeModelJumpTo: [ 'tools', 'end' ], afterModelJumpTo: [ 'tools', 'end' ]) > should create correct graph structure 1`] = `
{
  "id": [
    "langgraph",
    "pregel",
    "CompiledStateGraph",
  ],
  "lc": 1,
  "type": "not_implemented",
}
`;

exports[`graph (beforeModelJumpTo: [ 'tools', 'end' ], afterModelJumpTo: [ 'tools', 'model' ]) > should create correct graph structure 1`] = `
{
  "id": [
    "langgraph",
    "pregel",
    "CompiledStateGraph",
  ],
  "lc": 1,
  "type": "not_implemented",
}
`;

exports[`graph (beforeModelJumpTo: [ 'tools', 'end' ], afterModelJumpTo: [ 'tools', 'model', 'end' ]) > should create correct graph structure 1`] = `
{
  "id": [
    "langgraph",
    "pregel",
    "CompiledStateGraph",
  ],
  "lc": 1,
  "type": "not_implemented",
}
`;

exports[`graph (beforeModelJumpTo: [ 'tools', 'end' ], afterModelJumpTo: []) > should create correct graph structure 1`] = `
{
  "id": [
    "langgraph",
    "pregel",
    "CompiledStateGraph",
  ],
  "lc": 1,
  "type": "not_implemented",
}
`;

exports[`graph (beforeModelJumpTo: [ 'tools', 'end' ], afterModelJumpTo: undefined) > should create correct graph structure 1`] = `
{
  "id": [
    "langgraph",
    "pregel",
    "CompiledStateGraph",
  ],
  "lc": 1,
  "type": "not_implemented",
}
`;

exports[`graph (beforeModelJumpTo: [ 'tools', 'model' ], afterModelJumpTo: [ 'end' ]) > should create correct graph structure 1`] = `
{
  "id": [
    "langgraph",
    "pregel",
    "CompiledStateGraph",
  ],
  "lc": 1,
  "type": "not_implemented",
}
`;

exports[`graph (beforeModelJumpTo: [ 'tools', 'model' ], afterModelJumpTo: [ 'model' ]) > should create correct graph structure 1`] = `
{
  "id": [
    "langgraph",
    "pregel",
    "CompiledStateGraph",
  ],
  "lc": 1,
  "type": "not_implemented",
}
`;

exports[`graph (beforeModelJumpTo: [ 'tools', 'model' ], afterModelJumpTo: [ 'model', 'end' ]) > should create correct graph structure 1`] = `
{
  "id": [
    "langgraph",
    "pregel",
    "CompiledStateGraph",
  ],
  "lc": 1,
  "type": "not_implemented",
}
`;

exports[`graph (beforeModelJumpTo: [ 'tools', 'model' ], afterModelJumpTo: [ 'tools' ]) > should create correct graph structure 1`] = `
{
  "id": [
    "langgraph",
    "pregel",
    "CompiledStateGraph",
  ],
  "lc": 1,
  "type": "not_implemented",
}
`;

exports[`graph (beforeModelJumpTo: [ 'tools', 'model' ], afterModelJumpTo: [ 'tools', 'end' ]) > should create correct graph structure 1`] = `
{
  "id": [
    "langgraph",
    "pregel",
    "CompiledStateGraph",
  ],
  "lc": 1,
  "type": "not_implemented",
}
`;

exports[`graph (beforeModelJumpTo: [ 'tools', 'model' ], afterModelJumpTo: [ 'tools', 'model' ]) > should create correct graph structure 1`] = `
{
  "id": [
    "langgraph",
    "pregel",
    "CompiledStateGraph",
  ],
  "lc": 1,
  "type": "not_implemented",
}
`;

exports[`graph (beforeModelJumpTo: [ 'tools', 'model' ], afterModelJumpTo: [ 'tools', 'model', 'end' ]) > should create correct graph structure 1`] = `
{
  "id": [
    "langgraph",
    "pregel",
    "CompiledStateGraph",
  ],
  "lc": 1,
  "type": "not_implemented",
}
`;

exports[`graph (beforeModelJumpTo: [ 'tools', 'model' ], afterModelJumpTo: []) > should create correct graph structure 1`] = `
{
  "id": [
    "langgraph",
    "pregel",
    "CompiledStateGraph",
  ],
  "lc": 1,
  "type": "not_implemented",
}
`;

exports[`graph (beforeModelJumpTo: [ 'tools', 'model' ], afterModelJumpTo: undefined) > should create correct graph structure 1`] = `
{
  "id": [
    "langgraph",
    "pregel",
    "CompiledStateGraph",
  ],
  "lc": 1,
  "type": "not_implemented",
}
`;

exports[`graph (beforeModelJumpTo: [ 'tools', 'model', 'end' ], afterModelJumpTo: [ 'end' ]) > should create correct graph structure 1`] = `
{
  "id": [
    "langgraph",
    "pregel",
    "CompiledStateGraph",
  ],
  "lc": 1,
  "type": "not_implemented",
}
`;

exports[`graph (beforeModelJumpTo: [ 'tools', 'model', 'end' ], afterModelJumpTo: [ 'model' ]) > should create correct graph structure 1`] = `
{
  "id": [
    "langgraph",
    "pregel",
    "CompiledStateGraph",
  ],
  "lc": 1,
  "type": "not_implemented",
}
`;

exports[`graph (beforeModelJumpTo: [ 'tools', 'model', 'end' ], afterModelJumpTo: [ 'model', 'end' ]) > should create correct graph structure 1`] = `
{
  "id": [
    "langgraph",
    "pregel",
    "CompiledStateGraph",
  ],
  "lc": 1,
  "type": "not_implemented",
}
`;

exports[`graph (beforeModelJumpTo: [ 'tools', 'model', 'end' ], afterModelJumpTo: [ 'tools' ]) > should create correct graph structure 1`] = `
{
  "id": [
    "langgraph",
    "pregel",
    "CompiledStateGraph",
  ],
  "lc": 1,
  "type": "not_implemented",
}
`;

exports[`graph (beforeModelJumpTo: [ 'tools', 'model', 'end' ], afterModelJumpTo: [ 'tools', 'end' ]) > should create correct graph structure 1`] = `
{
  "id": [
    "langgraph",
    "pregel",
    "CompiledStateGraph",
  ],
  "lc": 1,
  "type": "not_implemented",
}
`;

exports[`graph (beforeModelJumpTo: [ 'tools', 'model', 'end' ], afterModelJumpTo: [ 'tools', 'model' ]) > should create correct graph structure 1`] = `
{
  "id": [
    "langgraph",
    "pregel",
    "CompiledStateGraph",
  ],
  "lc": 1,
  "type": "not_implemented",
}
`;

exports[`graph (beforeModelJumpTo: [ 'tools', 'model', 'end' ], afterModelJumpTo: [ 'tools', 'model', 'end' ]) > should create correct graph structure 1`] = `
{
  "id": [
    "langgraph",
    "pregel",
    "CompiledStateGraph",
  ],
  "lc": 1,
  "type": "not_implemented",
}
`;

exports[`graph (beforeModelJumpTo: [ 'tools', 'model', 'end' ], afterModelJumpTo: []) > should create correct graph structure 1`] = `
{
  "id": [
    "langgraph",
    "pregel",
    "CompiledStateGraph",
  ],
  "lc": 1,
  "type": "not_implemented",
}
`;

exports[`graph (beforeModelJumpTo: [ 'tools', 'model', 'end' ], afterModelJumpTo: undefined) > should create correct graph structure 1`] = `
{
  "id": [
    "langgraph",
    "pregel",
    "CompiledStateGraph",
  ],
  "lc": 1,
  "type": "not_implemented",
}
`;

exports[`graph (beforeModelJumpTo: [], afterModelJumpTo: [ 'end' ]) > should create correct graph structure 1`] = `
{
  "id": [
    "langgraph",
    "pregel",
    "CompiledStateGraph",
  ],
  "lc": 1,
  "type": "not_implemented",
}
`;

exports[`graph (beforeModelJumpTo: [], afterModelJumpTo: [ 'model' ]) > should create correct graph structure 1`] = `
{
  "id": [
    "langgraph",
    "pregel",
    "CompiledStateGraph",
  ],
  "lc": 1,
  "type": "not_implemented",
}
`;

exports[`graph (beforeModelJumpTo: [], afterModelJumpTo: [ 'model', 'end' ]) > should create correct graph structure 1`] = `
{
  "id": [
    "langgraph",
    "pregel",
    "CompiledStateGraph",
  ],
  "lc": 1,
  "type": "not_implemented",
}
`;

exports[`graph (beforeModelJumpTo: [], afterModelJumpTo: [ 'tools' ]) > should create correct graph structure 1`] = `
{
  "id": [
    "langgraph",
    "pregel",
    "CompiledStateGraph",
  ],
  "lc": 1,
  "type": "not_implemented",
}
`;

exports[`graph (beforeModelJumpTo: [], afterModelJumpTo: [ 'tools', 'end' ]) > should create correct graph structure 1`] = `
{
  "id": [
    "langgraph",
    "pregel",
    "CompiledStateGraph",
  ],
  "lc": 1,
  "type": "not_implemented",
}
`;

exports[`graph (beforeModelJumpTo: [], afterModelJumpTo: [ 'tools', 'model' ]) > should create correct graph structure 1`] = `
{
  "id": [
    "langgraph",
    "pregel",
    "CompiledStateGraph",
  ],
  "lc": 1,
  "type": "not_implemented",
}
`;

exports[`graph (beforeModelJumpTo: [], afterModelJumpTo: [ 'tools', 'model', 'end' ]) > should create correct graph structure 1`] = `
{
  "id": [
    "langgraph",
    "pregel",
    "CompiledStateGraph",
  ],
  "lc": 1,
  "type": "not_implemented",
}
`;

exports[`graph (beforeModelJumpTo: [], afterModelJumpTo: []) > should create correct graph structure 1`] = `
{
  "id": [
    "langgraph",
    "pregel",
    "CompiledStateGraph",
  ],
  "lc": 1,
  "type": "not_implemented",
}
`;

exports[`graph (beforeModelJumpTo: [], afterModelJumpTo: undefined) > should create correct graph structure 1`] = `
{
  "id": [
    "langgraph",
    "pregel",
    "CompiledStateGraph",
  ],
  "lc": 1,
  "type": "not_implemented",
}
`;

exports[`graph (beforeModelJumpTo: undefined, afterModelJumpTo: [ 'end' ]) > should create correct graph structure 1`] = `
{
  "id": [
    "langgraph",
    "pregel",
    "CompiledStateGraph",
  ],
  "lc": 1,
  "type": "not_implemented",
}
`;

exports[`graph (beforeModelJumpTo: undefined, afterModelJumpTo: [ 'model' ]) > should create correct graph structure 1`] = `
{
  "id": [
    "langgraph",
    "pregel",
    "CompiledStateGraph",
  ],
  "lc": 1,
  "type": "not_implemented",
}
`;

exports[`graph (beforeModelJumpTo: undefined, afterModelJumpTo: [ 'model', 'end' ]) > should create correct graph structure 1`] = `
{
  "id": [
    "langgraph",
    "pregel",
    "CompiledStateGraph",
  ],
  "lc": 1,
  "type": "not_implemented",
}
`;

exports[`graph (beforeModelJumpTo: undefined, afterModelJumpTo: [ 'tools' ]) > should create correct graph structure 1`] = `
{
  "id": [
    "langgraph",
    "pregel",
    "CompiledStateGraph",
  ],
  "lc": 1,
  "type": "not_implemented",
}
`;

exports[`graph (beforeModelJumpTo: undefined, afterModelJumpTo: [ 'tools', 'end' ]) > should create correct graph structure 1`] = `
{
  "id": [
    "langgraph",
    "pregel",
    "CompiledStateGraph",
  ],
  "lc": 1,
  "type": "not_implemented",
}
`;

exports[`graph (beforeModelJumpTo: undefined, afterModelJumpTo: [ 'tools', 'model' ]) > should create correct graph structure 1`] = `
{
  "id": [
    "langgraph",
    "pregel",
    "CompiledStateGraph",
  ],
  "lc": 1,
  "type": "not_implemented",
}
`;

exports[`graph (beforeModelJumpTo: undefined, afterModelJumpTo: [ 'tools', 'model', 'end' ]) > should create correct graph structure 1`] = `
{
  "id": [
    "langgraph",
    "pregel",
    "CompiledStateGraph",
  ],
  "lc": 1,
  "type": "not_implemented",
}
`;

exports[`graph (beforeModelJumpTo: undefined, afterModelJumpTo: []) > should create correct graph structure 1`] = `
{
  "id": [
    "langgraph",
    "pregel",
    "CompiledStateGraph",
  ],
  "lc": 1,
  "type": "not_implemented",
}
`;

exports[`graph (beforeModelJumpTo: undefined, afterModelJumpTo: undefined) > should create correct graph structure 1`] = `
{
  "id": [
    "langgraph",
    "pregel",
    "CompiledStateGraph",
  ],
  "lc": 1,
  "type": "not_implemented",
}
`;
